[info] welcome to sbt 1.11.7 (Homebrew Java 21.0.12)
[info] loading project definition from /Users/kaush/Downloads/Agricultural_BigData_Project/project/project
[info] loading settings for project agricultural_bigdata_project-build from plugins.sbt...
[info] loading project definition from /Users/kaush/Downloads/Agricultural_BigData_Project/project
[info] loading settings for project root from build.sbt...
[info] set current project to agri-bigdata (in build file:/Users/kaush/Downloads/Agricultural_BigData_Project/)
[info] compiling 1 Scala source to /Users/kaush/Downloads/Agricultural_BigData_Project/target/scala-2.13/classes ...
[info] done compiling
[info] running (fork) com.agribigdata.ml.Phase9FinalPersistence 
[error] Using Spark's default log4j profile: org/apache/spark/log4j2-defaults.properties
[error] 26/10/06 22:53:40 INFO SparkContext: Running Spark version 4.2.0
[error] 26/10/06 22:53:40 INFO SparkContext: OS info Mac OS X, 27.0, aarch64
[error] 26/10/06 22:53:40 INFO SparkContext: Java version 21.0.12
[error] 26/10/06 22:53:40 WARN NativeCodeLoader: Unable to load native-hadoop library for your platform... using builtin-java classes where applicable
[error] 26/10/06 22:53:40 INFO ResourceUtils: ==============================================================
[error] 26/10/06 22:53:40 INFO ResourceUtils: No custom resources configured for spark.driver.
[error] 26/10/06 22:53:40 INFO ResourceUtils: ==============================================================
[error] 26/10/06 22:53:40 INFO SparkContext: Submitted application: Phase9FinalPersistence
[error] 26/10/06 22:53:40 INFO SecurityManager: Changing view acls to: kaush
[error] 26/10/06 22:53:40 INFO SecurityManager: Changing modify acls to: kaush
[error] 26/10/06 22:53:40 INFO SecurityManager: Changing view acls groups to: kaush
[error] 26/10/06 22:53:40 INFO SecurityManager: Changing modify acls groups to: kaush
[error] 26/10/06 22:53:40 INFO SecurityManager: SecurityManager: authentication disabled; ui acls disabled; users with view permissions: kaush groups with view permissions: EMPTY; users with modify permissions: kaush; groups with modify permissions: EMPTY; RPC SSL disabled
[error] 26/10/06 22:53:41 INFO Utils: Successfully started service 'sparkDriver' on port 50511.
[error] 26/10/06 22:53:41 INFO SparkEnv: Registering MapOutputTracker
[error] 26/10/06 22:53:41 INFO SparkEnv: Registering BlockManagerMaster
[error] 26/10/06 22:53:41 INFO BlockManagerMasterEndpoint: Using org.apache.spark.storage.DefaultTopologyMapper for getting topology information
[error] 26/10/06 22:53:41 INFO BlockManagerMasterEndpoint: BlockManagerMasterEndpoint up
[error] 26/10/06 22:53:41 INFO SparkEnv: Registering BlockManagerMasterHeartbeat
[error] 26/10/06 22:53:41 INFO DiskBlockManager: Created local directory at /private/var/folders/jm/nr0fs0310z911sqwzsdbbh4m0000gn/T/blockmgr-e5fa11a2-65a6-4d6d-b6ef-10673eddb097
[error] 26/10/06 22:53:41 INFO SparkEnv: Registering OutputCommitCoordinator
[error] 26/10/06 22:53:41 INFO JettyUtils: Start Jetty 127.0.0.1:4040 for SparkUI
[error] 26/10/06 22:53:41 INFO Utils: Successfully started service 'SparkUI' on port 4040.
[error] 26/10/06 22:53:41 INFO ResourceProfile: Default ResourceProfile created, executor resources: Map(cores -> name: cores, amount: 1, script: , vendor: , memory -> name: memory, amount: 1024, script: , vendor: , offHeap -> name: offHeap, amount: 0, script: , vendor: ), task resources: Map(cpus -> name: cpus, amount: 1.0)
[error] 26/10/06 22:53:41 INFO ResourceProfile: Limiting resource is cpu
[error] 26/10/06 22:53:41 INFO ResourceProfileManager: Added ResourceProfile id: 0
[error] 26/10/06 22:53:41 INFO SecurityManager: Changing view acls to: kaush
[error] 26/10/06 22:53:41 INFO SecurityManager: Changing modify acls to: kaush
[error] 26/10/06 22:53:41 INFO SecurityManager: Changing view acls groups to: kaush
[error] 26/10/06 22:53:41 INFO SecurityManager: Changing modify acls groups to: kaush
[error] 26/10/06 22:53:41 INFO SecurityManager: SecurityManager: authentication disabled; ui acls disabled; users with view permissions: kaush groups with view permissions: EMPTY; users with modify permissions: kaush; groups with modify permissions: EMPTY; RPC SSL disabled
[error] 26/10/06 22:53:41 INFO Executor: Starting executor ID driver on host localhost
[error] 26/10/06 22:53:41 INFO Executor: Running Spark version 4.2.0
[error] 26/10/06 22:53:41 INFO Executor: OS info Mac OS X, 27.0, aarch64
[error] 26/10/06 22:53:41 INFO Executor: Java version 21.0.12
[error] 26/10/06 22:53:41 INFO Executor: Starting executor with user classpath (userClassPathFirst = false): ''
[error] 26/10/06 22:53:41 INFO Executor: Created or updated repl class loader org.apache.spark.util.MutableURLClassLoader@5a06904 for default.
[error] 26/10/06 22:53:41 INFO Utils: Successfully started service 'org.apache.spark.network.netty.NettyBlockTransferService' on port 50512.
[error] 26/10/06 22:53:41 INFO NettyBlockTransferService: Server created on 127.0.0.1:50512
[error] 26/10/06 22:53:41 INFO BlockManager: Using org.apache.spark.storage.RandomBlockReplicationPolicy for block replication policy
[error] 26/10/06 22:53:41 INFO BlockManagerMaster: Registering BlockManager BlockManagerId(driver, 127.0.0.1, 50512, None)
[error] 26/10/06 22:53:41 INFO BlockManagerMasterEndpoint: Registering block manager 127.0.0.1:50512 with 3.4 GiB RAM, BlockManagerId(driver, 127.0.0.1, 50512, None)
[error] 26/10/06 22:53:41 INFO BlockManagerMaster: Registered BlockManager BlockManagerId(driver, 127.0.0.1, 50512, None)
[error] 26/10/06 22:53:41 INFO BlockManager: Initialized BlockManager: BlockManagerId(driver, 127.0.0.1, 50512, None)
[error] 26/10/06 22:53:58 WARN SparkStringUtils: Truncated the string representation of a plan since it was too large. This behavior can be adjusted by setting 'spark.sql.debug.maxToStringFields'.
[info] MODEL ARTIFACT LOCAL: PASS
[info] PREDICTIONS LOCAL: PASS
[success] Total time: 83 s (0:01:23.0), completed 06-Oct-2026, 10:55:01 pm
