[info] welcome to sbt 1.11.7 (Homebrew Java 21.0.12)
[info] loading project definition from /Users/kaush/Downloads/Agricultural_BigData_Project/project/project
[info] loading settings for project agricultural_bigdata_project-build from plugins.sbt...
[info] loading project definition from /Users/kaush/Downloads/Agricultural_BigData_Project/project
[info] loading settings for project root from build.sbt...
[info] set current project to agri-bigdata (in build file:/Users/kaush/Downloads/Agricultural_BigData_Project/)
[info] compiling 1 Scala source to /Users/kaush/Downloads/Agricultural_BigData_Project/target/scala-2.13/classes ...
[info] done compiling
[info] running (fork) com.agribigdata.ml.Phase9HdfsVerification 
[error] Using Spark's default log4j profile: org/apache/spark/log4j2-defaults.properties
[error] 26/10/06 22:57:15 INFO SparkContext: Running Spark version 4.2.0
[error] 26/10/06 22:57:15 INFO SparkContext: OS info Mac OS X, 27.0, aarch64
[error] 26/10/06 22:57:15 INFO SparkContext: Java version 21.0.12
[error] 26/10/06 22:57:15 WARN NativeCodeLoader: Unable to load native-hadoop library for your platform... using builtin-java classes where applicable
[error] 26/10/06 22:57:15 INFO ResourceUtils: ==============================================================
[error] 26/10/06 22:57:15 INFO ResourceUtils: No custom resources configured for spark.driver.
[error] 26/10/06 22:57:15 INFO ResourceUtils: ==============================================================
[error] 26/10/06 22:57:15 INFO SparkContext: Submitted application: Phase9HdfsVerification
[error] 26/10/06 22:57:15 INFO SecurityManager: Changing view acls to: kaush
[error] 26/10/06 22:57:15 INFO SecurityManager: Changing modify acls to: kaush
[error] 26/10/06 22:57:15 INFO SecurityManager: Changing view acls groups to: kaush
[error] 26/10/06 22:57:15 INFO SecurityManager: Changing modify acls groups to: kaush
[error] 26/10/06 22:57:15 INFO SecurityManager: SecurityManager: authentication disabled; ui acls disabled; users with view permissions: kaush groups with view permissions: EMPTY; users with modify permissions: kaush; groups with modify permissions: EMPTY; RPC SSL disabled
[error] 26/10/06 22:57:17 INFO Utils: Successfully started service 'sparkDriver' on port 50570.
[error] 26/10/06 22:57:17 INFO SparkEnv: Registering MapOutputTracker
[error] 26/10/06 22:57:17 INFO SparkEnv: Registering BlockManagerMaster
[error] 26/10/06 22:57:17 INFO BlockManagerMasterEndpoint: Using org.apache.spark.storage.DefaultTopologyMapper for getting topology information
[error] 26/10/06 22:57:17 INFO BlockManagerMasterEndpoint: BlockManagerMasterEndpoint up
[error] 26/10/06 22:57:17 INFO SparkEnv: Registering BlockManagerMasterHeartbeat
[error] 26/10/06 22:57:17 INFO DiskBlockManager: Created local directory at /private/var/folders/jm/nr0fs0310z911sqwzsdbbh4m0000gn/T/blockmgr-672896ca-e788-4296-b984-15253f42945a
[error] 26/10/06 22:57:17 INFO SparkEnv: Registering OutputCommitCoordinator
[error] 26/10/06 22:57:17 INFO JettyUtils: Start Jetty 127.0.0.1:4040 for SparkUI
[error] 26/10/06 22:57:17 INFO Utils: Successfully started service 'SparkUI' on port 4040.
[error] 26/10/06 22:57:17 INFO ResourceProfile: Default ResourceProfile created, executor resources: Map(cores -> name: cores, amount: 1, script: , vendor: , memory -> name: memory, amount: 1024, script: , vendor: , offHeap -> name: offHeap, amount: 0, script: , vendor: ), task resources: Map(cpus -> name: cpus, amount: 1.0)
[error] 26/10/06 22:57:17 INFO ResourceProfile: Limiting resource is cpu
[error] 26/10/06 22:57:17 INFO ResourceProfileManager: Added ResourceProfile id: 0
[error] 26/10/06 22:57:17 INFO SecurityManager: Changing view acls to: kaush
[error] 26/10/06 22:57:17 INFO SecurityManager: Changing modify acls to: kaush
[error] 26/10/06 22:57:17 INFO SecurityManager: Changing view acls groups to: kaush
[error] 26/10/06 22:57:17 INFO SecurityManager: Changing modify acls groups to: kaush
[error] 26/10/06 22:57:17 INFO SecurityManager: SecurityManager: authentication disabled; ui acls disabled; users with view permissions: kaush groups with view permissions: EMPTY; users with modify permissions: kaush; groups with modify permissions: EMPTY; RPC SSL disabled
[error] 26/10/06 22:57:17 INFO Executor: Starting executor ID driver on host localhost
[error] 26/10/06 22:57:17 INFO Executor: Running Spark version 4.2.0
[error] 26/10/06 22:57:17 INFO Executor: OS info Mac OS X, 27.0, aarch64
[error] 26/10/06 22:57:17 INFO Executor: Java version 21.0.12
[error] 26/10/06 22:57:17 INFO Executor: Starting executor with user classpath (userClassPathFirst = false): ''
[error] 26/10/06 22:57:17 INFO Executor: Created or updated repl class loader org.apache.spark.util.MutableURLClassLoader@5a06904 for default.
[error] 26/10/06 22:57:17 INFO Utils: Successfully started service 'org.apache.spark.network.netty.NettyBlockTransferService' on port 50571.
[error] 26/10/06 22:57:17 INFO NettyBlockTransferService: Server created on 127.0.0.1:50571
[error] 26/10/06 22:57:17 INFO BlockManager: Using org.apache.spark.storage.RandomBlockReplicationPolicy for block replication policy
[error] 26/10/06 22:57:17 INFO BlockManagerMaster: Registering BlockManager BlockManagerId(driver, 127.0.0.1, 50571, None)
[error] 26/10/06 22:57:17 INFO BlockManagerMasterEndpoint: Registering block manager 127.0.0.1:50571 with 3.4 GiB RAM, BlockManagerId(driver, 127.0.0.1, 50571, None)
[error] 26/10/06 22:57:17 INFO BlockManagerMaster: Registered BlockManager BlockManagerId(driver, 127.0.0.1, 50571, None)
[error] 26/10/06 22:57:17 INFO BlockManager: Initialized BlockManager: BlockManagerId(driver, 127.0.0.1, 50571, None)
[info] Loading model from hdfs://localhost:9000/agri/models/anomaly_prediction_rf ...
[error] 26/10/06 22:57:18 WARN FileStreamSink: Assume no metadata directory. Error while looking for metadata directory in the path: hdfs://localhost:9000/agri/models/anomaly_prediction_rf/metadata.
[error] java.net.SocketException: Call From Kaushals-MacBook-Air.local/127.0.0.1 to localhost:9000 failed on socket exception: java.net.SocketException: Connection reset; For more details see:  http://wiki.apache.org/hadoop/SocketException
[error] 	at java.base/jdk.internal.reflect.DirectConstructorHandleAccessor.newInstance(DirectConstructorHandleAccessor.java:62)
[error] 	at java.base/java.lang.reflect.Constructor.newInstanceWithCaller(Constructor.java:502)
[error] 	at java.base/java.lang.reflect.Constructor.newInstance(Constructor.java:486)
[error] 	at org.apache.hadoop.util.dynamic.DynConstructors$Ctor.newInstanceChecked(DynConstructors.java:58)
[error] 	at org.apache.hadoop.util.dynamic.DynConstructors$Ctor.newInstance(DynConstructors.java:70)
[error] 	at org.apache.hadoop.net.NetUtils.wrapWithMessage(NetUtils.java:1013)
[error] 	at org.apache.hadoop.net.NetUtils.wrapException(NetUtils.java:918)
[error] 	at org.apache.hadoop.ipc.Client.warpIOException(Client.java:1618)
[error] 	at org.apache.hadoop.ipc.Client.getRpcResponse(Client.java:1605)
[error] 	at org.apache.hadoop.ipc.Client.call(Client.java:1558)
[error] 	at org.apache.hadoop.ipc.Client.call(Client.java:1474)
[error] 	at org.apache.hadoop.ipc.ProtobufRpcEngine2$Invoker.invoke(ProtobufRpcEngine2.java:259)
[error] 	at org.apache.hadoop.ipc.ProtobufRpcEngine2$Invoker.invoke(ProtobufRpcEngine2.java:140)
[error] 	at jdk.proxy2/jdk.proxy2.$Proxy46.getFileInfo(Unknown Source)
[error] 	at org.apache.hadoop.hdfs.protocolPB.ClientNamenodeProtocolTranslatorPB.lambda$getFileInfo$41(ClientNamenodeProtocolTranslatorPB.java:820)
[error] 	at org.apache.hadoop.ipc.internal.ShadedProtobufHelper.ipc(ShadedProtobufHelper.java:160)
[error] 	at org.apache.hadoop.hdfs.protocolPB.ClientNamenodeProtocolTranslatorPB.getFileInfo(ClientNamenodeProtocolTranslatorPB.java:820)
[error] 	at java.base/jdk.internal.reflect.DirectMethodHandleAccessor.invoke(DirectMethodHandleAccessor.java:103)
[error] 	at java.base/java.lang.reflect.Method.invoke(Method.java:580)
[error] 	at org.apache.hadoop.io.retry.RetryInvocationHandler.invokeMethod(RetryInvocationHandler.java:437)
[error] 	at org.apache.hadoop.io.retry.RetryInvocationHandler$Call.invokeMethod(RetryInvocationHandler.java:170)
[error] 	at org.apache.hadoop.io.retry.RetryInvocationHandler$Call.invoke(RetryInvocationHandler.java:162)
[error] 	at org.apache.hadoop.io.retry.RetryInvocationHandler$Call.invokeOnce(RetryInvocationHandler.java:100)
[error] 	at org.apache.hadoop.io.retry.RetryInvocationHandler.invoke(RetryInvocationHandler.java:366)
[error] 	at jdk.proxy2/jdk.proxy2.$Proxy47.getFileInfo(Unknown Source)
[error] 	at org.apache.hadoop.hdfs.DFSClient.getFileInfo(DFSClient.java:1770)
[error] 	at org.apache.hadoop.hdfs.DistributedFileSystem$29.doCall(DistributedFileSystem.java:1838)
[error] 	at org.apache.hadoop.hdfs.DistributedFileSystem$29.doCall(DistributedFileSystem.java:1835)
[error] 	at org.apache.hadoop.fs.FileSystemLinkResolver.resolve(FileSystemLinkResolver.java:81)
[error] 	at org.apache.hadoop.hdfs.DistributedFileSystem.getFileStatus(DistributedFileSystem.java:1850)
[error] 	at org.apache.spark.sql.execution.streaming.sinks.FileStreamSink$.hasMetadata(FileStreamSink.scala:58)
[error] 	at org.apache.spark.sql.execution.datasources.DataSource.resolveRelation(DataSource.scala:394)
[error] 	at org.apache.spark.sql.catalyst.analysis.ResolveDataSource.org$apache$spark$sql$catalyst$analysis$ResolveDataSource$$loadV1BatchSource(ResolveDataSource.scala:210)
[error] 	at org.apache.spark.sql.catalyst.analysis.ResolveDataSource$$anonfun$apply$1.$anonfun$applyOrElse$2(ResolveDataSource.scala:62)
[error] 	at scala.Option.getOrElse(Option.scala:201)
[error] 	at org.apache.spark.sql.catalyst.analysis.ResolveDataSource$$anonfun$apply$1.applyOrElse(ResolveDataSource.scala:62)
[error] 	at org.apache.spark.sql.catalyst.analysis.ResolveDataSource$$anonfun$apply$1.applyOrElse(ResolveDataSource.scala:46)
[error] 	at org.apache.spark.sql.catalyst.plans.logical.AnalysisHelper.$anonfun$resolveOperatorsUpWithPruning$3(AnalysisHelper.scala:139)
[error] 	at org.apache.spark.sql.catalyst.trees.CurrentOrigin$.withOrigin(origin.scala:107)
[error] 	at org.apache.spark.sql.catalyst.plans.logical.AnalysisHelper.$anonfun$resolveOperatorsUpWithPruning$1(AnalysisHelper.scala:139)
[error] 	at org.apache.spark.sql.catalyst.plans.logical.AnalysisHelper$.allowInvokingTransformsInAnalyzer(AnalysisHelper.scala:416)
[error] 	at org.apache.spark.sql.catalyst.plans.logical.AnalysisHelper.resolveOperatorsUpWithPruning(AnalysisHelper.scala:135)
[error] 	at org.apache.spark.sql.catalyst.plans.logical.AnalysisHelper.resolveOperatorsUpWithPruning$(AnalysisHelper.scala:131)
[error] 	at org.apache.spark.sql.catalyst.plans.logical.LogicalPlan.resolveOperatorsUpWithPruning(LogicalPlan.scala:37)
[error] 	at org.apache.spark.sql.catalyst.plans.logical.AnalysisHelper.resolveOperatorsUp(AnalysisHelper.scala:112)
[error] 	at org.apache.spark.sql.catalyst.plans.logical.AnalysisHelper.resolveOperatorsUp$(AnalysisHelper.scala:111)
[error] 	at org.apache.spark.sql.catalyst.plans.logical.LogicalPlan.resolveOperatorsUp(LogicalPlan.scala:37)
[error] 	at org.apache.spark.sql.catalyst.analysis.ResolveDataSource.apply(ResolveDataSource.scala:46)
[error] 	at org.apache.spark.sql.catalyst.analysis.ResolveDataSource.apply(ResolveDataSource.scala:44)
[error] 	at org.apache.spark.sql.catalyst.rules.RuleExecutor.$anonfun$execute$2(RuleExecutor.scala:248)
[error] 	at scala.collection.LinearSeqOps.foldLeft(LinearSeq.scala:183)
[error] 	at scala.collection.LinearSeqOps.foldLeft$(LinearSeq.scala:179)
[error] 	at scala.collection.immutable.List.foldLeft(List.scala:79)
[error] 	at org.apache.spark.sql.catalyst.rules.RuleExecutor.$anonfun$execute$1(RuleExecutor.scala:245)
[error] 	at org.apache.spark.sql.catalyst.rules.RuleExecutor.$anonfun$execute$1$adapted(RuleExecutor.scala:237)
[error] 	at scala.collection.immutable.List.foreach(List.scala:323)
[error] 	at org.apache.spark.sql.catalyst.rules.RuleExecutor.execute(RuleExecutor.scala:237)
[error] 	at org.apache.spark.sql.catalyst.analysis.Analyzer.super$execute(Analyzer.scala:438)
[error] 	at org.apache.spark.sql.catalyst.analysis.Analyzer.$anonfun$executeSameContext$1(Analyzer.scala:438)
[error] 	at org.apache.spark.sql.internal.SQLConf$.withExistingConf(SQLConf.scala:171)
[error] 	at org.apache.spark.sql.catalyst.analysis.Analyzer.runWithSessionConf(Analyzer.scala:400)
[error] 	at org.apache.spark.sql.catalyst.analysis.Analyzer.org$apache$spark$sql$catalyst$analysis$Analyzer$$executeSameContext(Analyzer.scala:438)
[error] 	at org.apache.spark.sql.catalyst.analysis.Analyzer.$anonfun$execute$1(Analyzer.scala:433)
[error] 	at org.apache.spark.sql.catalyst.analysis.AnalysisContext$.withNewAnalysisContext(Analyzer.scala:276)
[error] 	at org.apache.spark.sql.catalyst.analysis.Analyzer.execute(Analyzer.scala:433)
[error] 	at org.apache.spark.sql.catalyst.analysis.Analyzer.execute(Analyzer.scala:336)
[error] 	at org.apache.spark.sql.catalyst.rules.RuleExecutor.$anonfun$executeAndTrack$1(RuleExecutor.scala:207)
[error] 	at org.apache.spark.sql.catalyst.QueryPlanningTracker$.withTracker(QueryPlanningTracker.scala:89)
[error] 	at org.apache.spark.sql.catalyst.rules.RuleExecutor.executeAndTrack(RuleExecutor.scala:207)
[error] 	at org.apache.spark.sql.catalyst.analysis.resolver.HybridAnalyzer.resolveInFixedPoint(HybridAnalyzer.scala:273)
[error] 	at org.apache.spark.sql.catalyst.analysis.resolver.HybridAnalyzer.$anonfun$apply$1(HybridAnalyzer.scala:82)
[error] 	at org.apache.spark.sql.catalyst.analysis.resolver.HybridAnalyzer.withTrackedAnalyzerBridgeState(HybridAnalyzer.scala:117)
[error] 	at org.apache.spark.sql.catalyst.analysis.resolver.HybridAnalyzer.apply(HybridAnalyzer.scala:75)
[error] 	at org.apache.spark.sql.catalyst.analysis.Analyzer.runAnalysis$1(Analyzer.scala:368)
[error] 	at org.apache.spark.sql.catalyst.analysis.Analyzer.$anonfun$executeAndCheck$2(Analyzer.scala:373)
[error] 	at org.apache.spark.sql.internal.SQLConf$.withExistingConf(SQLConf.scala:171)
[error] 	at org.apache.spark.sql.catalyst.analysis.Analyzer.runWithSessionConf(Analyzer.scala:400)
[error] 	at org.apache.spark.sql.catalyst.analysis.Analyzer.$anonfun$executeAndCheck$1(Analyzer.scala:373)
[error] 	at org.apache.spark.sql.catalyst.plans.logical.AnalysisHelper$.markInAnalyzer(AnalysisHelper.scala:423)
[error] 	at org.apache.spark.sql.catalyst.analysis.Analyzer.executeAndCheck(Analyzer.scala:373)
[error] 	at org.apache.spark.sql.execution.QueryExecution.$anonfun$lazyAnalyzed$2(QueryExecution.scala:200)
[error] 	at org.apache.spark.sql.catalyst.QueryPlanningTracker.measurePhase(QueryPlanningTracker.scala:148)
[error] 	at org.apache.spark.sql.execution.QueryExecution.$anonfun$executePhase$3(QueryExecution.scala:410)
[error] 	at org.apache.spark.sql.execution.QueryExecution.withQueryExecutionId(QueryExecution.scala:429)
[error] 	at org.apache.spark.sql.execution.QueryExecution.$anonfun$executePhase$2(QueryExecution.scala:410)
[error] 	at org.apache.spark.sql.execution.QueryExecution$.withInternalError(QueryExecution.scala:872)
[error] 	at org.apache.spark.sql.execution.QueryExecution.$anonfun$executePhase$1(QueryExecution.scala:409)
[error] 	at org.apache.spark.sql.SparkSession.withActive(SparkSession.scala:810)
[error] 	at org.apache.spark.sql.execution.QueryExecution.executePhase(QueryExecution.scala:408)
[error] 	at org.apache.spark.sql.execution.QueryExecution.$anonfun$lazyAnalyzed$1(QueryExecution.scala:200)
[error] 	at scala.util.Try$.apply(Try.scala:217)
[error] 	at org.apache.spark.util.Utils$.doTryWithCallerStacktrace(Utils.scala:1407)
[error] 	at org.apache.spark.util.LazyTry.tryT$lzycompute(LazyTry.scala:46)
[error] 	at org.apache.spark.util.LazyTry.tryT(LazyTry.scala:46)
[error] 	at org.apache.spark.util.LazyTry.get(LazyTry.scala:61)
[error] 	at org.apache.spark.sql.execution.QueryExecution.$anonfun$analyzed$1(QueryExecution.scala:212)
[error] 	at org.apache.spark.sql.execution.QueryExecution.withAbortTransactionOnFailure(QueryExecution.scala:632)
[error] 	at org.apache.spark.sql.execution.QueryExecution.analyzed(QueryExecution.scala:212)
[error] 	at org.apache.spark.sql.execution.QueryExecution.assertAnalyzed(QueryExecution.scala:151)
[error] 	at org.apache.spark.sql.classic.Dataset$.$anonfun$ofRows$1(Dataset.scala:114)
[error] 	at org.apache.spark.sql.SparkSession.withActive(SparkSession.scala:810)
[error] 	at org.apache.spark.sql.classic.Dataset$.ofRows(Dataset.scala:112)
[error] 	at org.apache.spark.sql.classic.DataFrameReader.load(DataFrameReader.scala:109)
[error] 	at org.apache.spark.sql.classic.DataFrameReader.load(DataFrameReader.scala:58)
[error] 	at org.apache.spark.sql.DataFrameReader.text(DataFrameReader.scala:554)
[error] 	at org.apache.spark.sql.classic.DataFrameReader.text(DataFrameReader.scala:342)
[error] 	at org.apache.spark.sql.classic.DataFrameReader.text(DataFrameReader.scala:58)
[error] 	at org.apache.spark.sql.DataFrameReader.text(DataFrameReader.scala:528)
[error] 	at org.apache.spark.sql.classic.DataFrameReader.text(DataFrameReader.scala:338)
[error] 	at org.apache.spark.sql.classic.DataFrameReader.text(DataFrameReader.scala:58)
[error] 	at org.apache.spark.ml.util.ReadWriteUtils$.loadText(ReadWrite.scala:1059)
[error] 	at org.apache.spark.ml.util.DefaultParamsReader$.loadMetadata(ReadWrite.scala:722)
[error] 	at org.apache.spark.ml.Pipeline$SharedReadWrite$.$anonfun$load$3(Pipeline.scala:293)
[error] 	at org.apache.spark.ml.util.Instrumentation$.$anonfun$instrumented$1(Instrumentation.scala:226)
[error] 	at scala.util.Try$.apply(Try.scala:217)
[error] 	at org.apache.spark.ml.util.Instrumentation$.instrumented(Instrumentation.scala:226)
[error] 	at org.apache.spark.ml.Pipeline$SharedReadWrite$.load(Pipeline.scala:292)
[error] 	at org.apache.spark.ml.PipelineModel$PipelineModelReader.$anonfun$load$7(Pipeline.scala:381)
[error] 	at org.apache.spark.ml.MLEvents.withLoadInstanceEvent(events.scala:160)
[error] 	at org.apache.spark.ml.MLEvents.withLoadInstanceEvent$(events.scala:155)
[error] 	at org.apache.spark.ml.util.Instrumentation.withLoadInstanceEvent(Instrumentation.scala:44)
[error] 	at org.apache.spark.ml.PipelineModel$PipelineModelReader.$anonfun$load$6(Pipeline.scala:379)
[error] 	at org.apache.spark.ml.util.Instrumentation$.$anonfun$instrumented$1(Instrumentation.scala:226)
[error] 	at scala.util.Try$.apply(Try.scala:217)
[error] 	at org.apache.spark.ml.util.Instrumentation$.instrumented(Instrumentation.scala:226)
[error] 	at org.apache.spark.ml.PipelineModel$PipelineModelReader.load(Pipeline.scala:379)
[error] 	at org.apache.spark.ml.PipelineModel$PipelineModelReader.load(Pipeline.scala:373)
[error] 	at org.apache.spark.ml.util.MLReadable.load(ReadWrite.scala:389)
[error] 	at org.apache.spark.ml.util.MLReadable.load$(ReadWrite.scala:389)
[error] 	at org.apache.spark.ml.PipelineModel$.load(Pipeline.scala:361)
[error] 	at com.agribigdata.ml.Phase9HdfsVerification$.main(Phase9HdfsVerification.scala:16)
[error] 	at com.agribigdata.ml.Phase9HdfsVerification.main(Phase9HdfsVerification.scala)
[error] Caused by: java.net.SocketException: Connection reset
[error] 	at java.base/sun.nio.ch.SocketChannelImpl.throwConnectionReset(SocketChannelImpl.java:401)
[error] 	at java.base/sun.nio.ch.SocketChannelImpl.read(SocketChannelImpl.java:434)
[error] 	at org.apache.hadoop.net.SocketInputStream$Reader.performIO(SocketInputStream.java:57)
[error] 	at org.apache.hadoop.net.SocketIOWithTimeout.doIO(SocketIOWithTimeout.java:141)
[error] 	at org.apache.hadoop.net.SocketInputStream.read(SocketInputStream.java:161)
[error] 	at org.apache.hadoop.net.SocketInputStream.read(SocketInputStream.java:131)
[error] 	at java.base/java.io.FilterInputStream.read(FilterInputStream.java:119)
[error] 	at java.base/java.io.BufferedInputStream.fill(BufferedInputStream.java:291)
[error] 	at java.base/java.io.BufferedInputStream.read1(BufferedInputStream.java:347)
[error] 	at java.base/java.io.BufferedInputStream.implRead(BufferedInputStream.java:420)
[error] 	at java.base/java.io.BufferedInputStream.read(BufferedInputStream.java:399)
[error] 	at java.base/java.io.DataInputStream.read(DataInputStream.java:158)
[error] 	at java.base/java.io.FilterInputStream.read(FilterInputStream.java:119)
[error] 	at org.apache.hadoop.ipc.Client$Connection$PingInputStream.read(Client.java:584)
[error] 	at java.base/java.io.DataInputStream.readFully(DataInputStream.java:208)
[error] 	at java.base/java.io.DataInputStream.readInt(DataInputStream.java:385)
[error] 	at org.apache.hadoop.ipc.Client$IpcStreams.readResponse(Client.java:1949)
[error] 	at org.apache.hadoop.ipc.Client$Connection.receiveRpcResponse(Client.java:1251)
[error] 	at org.apache.hadoop.ipc.Client$Connection.work(Client.java:1141)
[error] 	at org.apache.hadoop.util.concurrent.SubjectInheritingThread.run(SubjectInheritingThread.java:209)
[error] 26/10/06 22:57:18 ERROR Instrumentation: java.net.SocketException: Call From Kaushals-MacBook-Air.local/127.0.0.1 to localhost:9000 failed on socket exception: java.net.SocketException: Connection reset; For more details see:  http://wiki.apache.org/hadoop/SocketException
[error] 	at java.base/jdk.internal.reflect.DirectConstructorHandleAccessor.newInstance(DirectConstructorHandleAccessor.java:62)
[error] 	at java.base/java.lang.reflect.Constructor.newInstanceWithCaller(Constructor.java:502)
[error] 	at java.base/java.lang.reflect.Constructor.newInstance(Constructor.java:486)
[error] 	at org.apache.hadoop.util.dynamic.DynConstructors$Ctor.newInstanceChecked(DynConstructors.java:58)
[error] 	at org.apache.hadoop.util.dynamic.DynConstructors$Ctor.newInstance(DynConstructors.java:70)
[error] 	at org.apache.hadoop.net.NetUtils.wrapWithMessage(NetUtils.java:1013)
[error] 	at org.apache.hadoop.net.NetUtils.wrapException(NetUtils.java:918)
[error] 	at org.apache.hadoop.ipc.Client.warpIOException(Client.java:1618)
[error] 	at org.apache.hadoop.ipc.Client.getRpcResponse(Client.java:1605)
[error] 	at org.apache.hadoop.ipc.Client.call(Client.java:1558)
[error] 	at org.apache.hadoop.ipc.Client.call(Client.java:1474)
[error] 	at org.apache.hadoop.ipc.ProtobufRpcEngine2$Invoker.invoke(ProtobufRpcEngine2.java:259)
[error] 	at org.apache.hadoop.ipc.ProtobufRpcEngine2$Invoker.invoke(ProtobufRpcEngine2.java:140)
[error] 	at jdk.proxy2/jdk.proxy2.$Proxy46.getFileInfo(Unknown Source)
[error] 	at org.apache.hadoop.hdfs.protocolPB.ClientNamenodeProtocolTranslatorPB.lambda$getFileInfo$41(ClientNamenodeProtocolTranslatorPB.java:820)
[error] 	at org.apache.hadoop.ipc.internal.ShadedProtobufHelper.ipc(ShadedProtobufHelper.java:160)
[error] 	at org.apache.hadoop.hdfs.protocolPB.ClientNamenodeProtocolTranslatorPB.getFileInfo(ClientNamenodeProtocolTranslatorPB.java:820)
[error] 	at java.base/jdk.internal.reflect.DirectMethodHandleAccessor.invoke(DirectMethodHandleAccessor.java:103)
[error] 	at java.base/java.lang.reflect.Method.invoke(Method.java:580)
[error] 	at org.apache.hadoop.io.retry.RetryInvocationHandler.invokeMethod(RetryInvocationHandler.java:437)
[error] 	at org.apache.hadoop.io.retry.RetryInvocationHandler$Call.invokeMethod(RetryInvocationHandler.java:170)
[error] 	at org.apache.hadoop.io.retry.RetryInvocationHandler$Call.invoke(RetryInvocationHandler.java:162)
[error] 	at org.apache.hadoop.io.retry.RetryInvocationHandler$Call.invokeOnce(RetryInvocationHandler.java:100)
[info] HDFS MODEL LOAD TEST: FAIL
[error] 	at org.apache.hadoop.io.retry.RetryInvocationHandler.invoke(RetryInvocationHandler.java:366)
[info] Error: Call From Kaushals-MacBook-Air.local/127.0.0.1 to localhost:9000 failed on socket exception: java.net.SocketException: Connection reset; For more details see:  http://wiki.apache.org/hadoop/SocketException
[info] Reading predictions from hdfs://localhost:9000/agri/analytics/anomaly_predictions ...
[error] 	at jdk.proxy2/jdk.proxy2.$Proxy47.getFileInfo(Unknown Source)
[error] 	at org.apache.hadoop.hdfs.DFSClient.getFileInfo(DFSClient.java:1770)
[error] 	at org.apache.hadoop.hdfs.DistributedFileSystem$29.doCall(DistributedFileSystem.java:1838)
[error] 	at org.apache.hadoop.hdfs.DistributedFileSystem$29.doCall(DistributedFileSystem.java:1835)
[error] 	at org.apache.hadoop.fs.FileSystemLinkResolver.resolve(FileSystemLinkResolver.java:81)
[error] 	at org.apache.hadoop.hdfs.DistributedFileSystem.getFileStatus(DistributedFileSystem.java:1850)
[error] 	at org.apache.hadoop.fs.FileSystem.exists(FileSystem.java:1863)
[error] 	at org.apache.spark.sql.execution.datasources.DataSource$.$anonfun$checkAndGlobPathIfNecessary$4(DataSource.scala:835)
[error] 	at org.apache.spark.sql.execution.datasources.DataSource$.$anonfun$checkAndGlobPathIfNecessary$4$adapted(DataSource.scala:833)
[error] 	at ... run in separate thread using org.apache.spark.util.ThreadUtils ... ()
[error] 	at org.apache.spark.sql.execution.datasources.DataSource$.checkAndGlobPathIfNecessary(DataSource.scala:840)
[error] 	at org.apache.spark.sql.execution.datasources.DataSource.checkAndGlobPathIfNecessary(DataSource.scala:593)
[error] 	at org.apache.spark.sql.execution.datasources.DataSource.resolveRelation(DataSource.scala:436)
[error] 	at org.apache.spark.sql.catalyst.analysis.ResolveDataSource.org$apache$spark$sql$catalyst$analysis$ResolveDataSource$$loadV1BatchSource(ResolveDataSource.scala:210)
[error] 	at org.apache.spark.sql.catalyst.analysis.ResolveDataSource$$anonfun$apply$1.$anonfun$applyOrElse$2(ResolveDataSource.scala:62)
[error] 	at scala.Option.getOrElse(Option.scala:201)
[error] 	at org.apache.spark.sql.catalyst.analysis.ResolveDataSource$$anonfun$apply$1.applyOrElse(ResolveDataSource.scala:62)
[error] 	at org.apache.spark.sql.catalyst.analysis.ResolveDataSource$$anonfun$apply$1.applyOrElse(ResolveDataSource.scala:46)
[error] 	at org.apache.spark.sql.catalyst.plans.logical.AnalysisHelper.$anonfun$resolveOperatorsUpWithPruning$3(AnalysisHelper.scala:139)
[error] 	at org.apache.spark.sql.catalyst.trees.CurrentOrigin$.withOrigin(origin.scala:107)
[error] 	at org.apache.spark.sql.catalyst.plans.logical.AnalysisHelper.$anonfun$resolveOperatorsUpWithPruning$1(AnalysisHelper.scala:139)
[error] 	at org.apache.spark.sql.catalyst.plans.logical.AnalysisHelper$.allowInvokingTransformsInAnalyzer(AnalysisHelper.scala:416)
[error] 	at org.apache.spark.sql.catalyst.plans.logical.AnalysisHelper.resolveOperatorsUpWithPruning(AnalysisHelper.scala:135)
[error] 	at org.apache.spark.sql.catalyst.plans.logical.AnalysisHelper.resolveOperatorsUpWithPruning$(AnalysisHelper.scala:131)
[error] 	at org.apache.spark.sql.catalyst.plans.logical.LogicalPlan.resolveOperatorsUpWithPruning(LogicalPlan.scala:37)
[error] 	at org.apache.spark.sql.catalyst.plans.logical.AnalysisHelper.resolveOperatorsUp(AnalysisHelper.scala:112)
[error] 	at org.apache.spark.sql.catalyst.plans.logical.AnalysisHelper.resolveOperatorsUp$(AnalysisHelper.scala:111)
[error] 	at org.apache.spark.sql.catalyst.plans.logical.LogicalPlan.resolveOperatorsUp(LogicalPlan.scala:37)
[error] 	at org.apache.spark.sql.catalyst.analysis.ResolveDataSource.apply(ResolveDataSource.scala:46)
[error] 	at org.apache.spark.sql.catalyst.analysis.ResolveDataSource.apply(ResolveDataSource.scala:44)
[error] 	at org.apache.spark.sql.catalyst.rules.RuleExecutor.$anonfun$execute$2(RuleExecutor.scala:248)
[error] 	at scala.collection.LinearSeqOps.foldLeft(LinearSeq.scala:183)
[error] 	at scala.collection.LinearSeqOps.foldLeft$(LinearSeq.scala:179)
[error] 	at scala.collection.immutable.List.foldLeft(List.scala:79)
[error] 	at org.apache.spark.sql.catalyst.rules.RuleExecutor.$anonfun$execute$1(RuleExecutor.scala:245)
[error] 	at org.apache.spark.sql.catalyst.rules.RuleExecutor.$anonfun$execute$1$adapted(RuleExecutor.scala:237)
[error] 	at scala.collection.immutable.List.foreach(List.scala:323)
[error] 	at org.apache.spark.sql.catalyst.rules.RuleExecutor.execute(RuleExecutor.scala:237)
[error] 	at org.apache.spark.sql.catalyst.analysis.Analyzer.super$execute(Analyzer.scala:438)
[error] 	at org.apache.spark.sql.catalyst.analysis.Analyzer.$anonfun$executeSameContext$1(Analyzer.scala:438)
[error] 	at org.apache.spark.sql.internal.SQLConf$.withExistingConf(SQLConf.scala:171)
[error] 	at org.apache.spark.sql.catalyst.analysis.Analyzer.runWithSessionConf(Analyzer.scala:400)
[error] 	at org.apache.spark.sql.catalyst.analysis.Analyzer.org$apache$spark$sql$catalyst$analysis$Analyzer$$executeSameContext(Analyzer.scala:438)
[error] 	at org.apache.spark.sql.catalyst.analysis.Analyzer.$anonfun$execute$1(Analyzer.scala:433)
[error] 	at org.apache.spark.sql.catalyst.analysis.AnalysisContext$.withNewAnalysisContext(Analyzer.scala:276)
[error] 	at org.apache.spark.sql.catalyst.analysis.Analyzer.execute(Analyzer.scala:433)
[error] 	at org.apache.spark.sql.catalyst.analysis.Analyzer.execute(Analyzer.scala:336)
[error] 	at org.apache.spark.sql.catalyst.rules.RuleExecutor.$anonfun$executeAndTrack$1(RuleExecutor.scala:207)
[error] 	at org.apache.spark.sql.catalyst.QueryPlanningTracker$.withTracker(QueryPlanningTracker.scala:89)
[error] 	at org.apache.spark.sql.catalyst.rules.RuleExecutor.executeAndTrack(RuleExecutor.scala:207)
[error] 	at org.apache.spark.sql.catalyst.analysis.resolver.HybridAnalyzer.resolveInFixedPoint(HybridAnalyzer.scala:273)
[error] 	at org.apache.spark.sql.catalyst.analysis.resolver.HybridAnalyzer.$anonfun$apply$1(HybridAnalyzer.scala:82)
[error] 	at org.apache.spark.sql.catalyst.analysis.resolver.HybridAnalyzer.withTrackedAnalyzerBridgeState(HybridAnalyzer.scala:117)
[error] 	at org.apache.spark.sql.catalyst.analysis.resolver.HybridAnalyzer.apply(HybridAnalyzer.scala:75)
[error] 	at org.apache.spark.sql.catalyst.analysis.Analyzer.runAnalysis$1(Analyzer.scala:368)
[error] 	at org.apache.spark.sql.catalyst.analysis.Analyzer.$anonfun$executeAndCheck$2(Analyzer.scala:373)
[error] 	at org.apache.spark.sql.internal.SQLConf$.withExistingConf(SQLConf.scala:171)
[error] 	at org.apache.spark.sql.catalyst.analysis.Analyzer.runWithSessionConf(Analyzer.scala:400)
[error] 	at org.apache.spark.sql.catalyst.analysis.Analyzer.$anonfun$executeAndCheck$1(Analyzer.scala:373)
[error] 	at org.apache.spark.sql.catalyst.plans.logical.AnalysisHelper$.markInAnalyzer(AnalysisHelper.scala:423)
[error] 	at org.apache.spark.sql.catalyst.analysis.Analyzer.executeAndCheck(Analyzer.scala:373)
[error] 	at org.apache.spark.sql.execution.QueryExecution.$anonfun$lazyAnalyzed$2(QueryExecution.scala:200)
[error] 	at org.apache.spark.sql.catalyst.QueryPlanningTracker.measurePhase(QueryPlanningTracker.scala:148)
[error] 	at org.apache.spark.sql.execution.QueryExecution.$anonfun$executePhase$3(QueryExecution.scala:410)
[error] 	at org.apache.spark.sql.execution.QueryExecution.withQueryExecutionId(QueryExecution.scala:429)
[error] 	at org.apache.spark.sql.execution.QueryExecution.$anonfun$executePhase$2(QueryExecution.scala:410)
[error] 	at org.apache.spark.sql.execution.QueryExecution$.withInternalError(QueryExecution.scala:872)
[error] 	at org.apache.spark.sql.execution.QueryExecution.$anonfun$executePhase$1(QueryExecution.scala:409)
[error] 	at org.apache.spark.sql.SparkSession.withActive(SparkSession.scala:810)
[error] 	at org.apache.spark.sql.execution.QueryExecution.executePhase(QueryExecution.scala:408)
[error] 	at org.apache.spark.sql.execution.QueryExecution.$anonfun$lazyAnalyzed$1(QueryExecution.scala:200)
[error] 	at scala.util.Try$.apply(Try.scala:217)
[error] 	at org.apache.spark.util.Utils$.doTryWithCallerStacktrace(Utils.scala:1407)
[error] 	at org.apache.spark.util.Utils$.getTryWithCallerStacktrace(Utils.scala:1457)
[error] 	at org.apache.spark.util.LazyTry.get(LazyTry.scala:61)
[error] 	at org.apache.spark.sql.execution.QueryExecution.$anonfun$analyzed$1(QueryExecution.scala:212)
[error] 	at org.apache.spark.sql.execution.QueryExecution.withAbortTransactionOnFailure(QueryExecution.scala:632)
[error] 	at org.apache.spark.sql.execution.QueryExecution.analyzed(QueryExecution.scala:212)
[error] 	at org.apache.spark.sql.execution.QueryExecution.assertAnalyzed(QueryExecution.scala:151)
[error] 	at org.apache.spark.sql.classic.Dataset$.$anonfun$ofRows$1(Dataset.scala:114)
[error] 	at org.apache.spark.sql.SparkSession.withActive(SparkSession.scala:810)
[error] 	at org.apache.spark.sql.classic.Dataset$.ofRows(Dataset.scala:112)
[error] 	at org.apache.spark.sql.classic.DataFrameReader.load(DataFrameReader.scala:109)
[error] 	at org.apache.spark.sql.classic.DataFrameReader.load(DataFrameReader.scala:58)
[error] 	at org.apache.spark.sql.DataFrameReader.text(DataFrameReader.scala:554)
[error] 	at org.apache.spark.sql.classic.DataFrameReader.text(DataFrameReader.scala:342)
[error] 	at org.apache.spark.sql.classic.DataFrameReader.text(DataFrameReader.scala:58)
[error] 	at org.apache.spark.sql.DataFrameReader.text(DataFrameReader.scala:528)
[error] 	at org.apache.spark.sql.classic.DataFrameReader.text(DataFrameReader.scala:338)
[error] 	at org.apache.spark.sql.classic.DataFrameReader.text(DataFrameReader.scala:58)
[error] 	at org.apache.spark.ml.util.ReadWriteUtils$.loadText(ReadWrite.scala:1059)
[error] 	at org.apache.spark.ml.util.DefaultParamsReader$.loadMetadata(ReadWrite.scala:722)
[error] 	at org.apache.spark.ml.Pipeline$SharedReadWrite$.$anonfun$load$3(Pipeline.scala:293)
[error] 	at org.apache.spark.ml.util.Instrumentation$.$anonfun$instrumented$1(Instrumentation.scala:226)
[error] 	at scala.util.Try$.apply(Try.scala:217)
[error] 	at org.apache.spark.ml.util.Instrumentation$.instrumented(Instrumentation.scala:226)
[error] 	at org.apache.spark.ml.Pipeline$SharedReadWrite$.load(Pipeline.scala:292)
[error] 	at org.apache.spark.ml.PipelineModel$PipelineModelReader.$anonfun$load$7(Pipeline.scala:381)
[error] 	at org.apache.spark.ml.MLEvents.withLoadInstanceEvent(events.scala:160)
[error] 	at org.apache.spark.ml.MLEvents.withLoadInstanceEvent$(events.scala:155)
[error] 	at org.apache.spark.ml.util.Instrumentation.withLoadInstanceEvent(Instrumentation.scala:44)
[error] 	at org.apache.spark.ml.PipelineModel$PipelineModelReader.$anonfun$load$6(Pipeline.scala:379)
[error] 	at org.apache.spark.ml.util.Instrumentation$.$anonfun$instrumented$1(Instrumentation.scala:226)
[error] 	at scala.util.Try$.apply(Try.scala:217)
[error] 	at org.apache.spark.ml.util.Instrumentation$.instrumented(Instrumentation.scala:226)
[error] 	at org.apache.spark.ml.PipelineModel$PipelineModelReader.load(Pipeline.scala:379)
[error] 	at org.apache.spark.ml.PipelineModel$PipelineModelReader.load(Pipeline.scala:373)
[error] 	at org.apache.spark.ml.util.MLReadable.load(ReadWrite.scala:389)
[error] 	at org.apache.spark.ml.util.MLReadable.load$(ReadWrite.scala:389)
[error] 	at org.apache.spark.ml.PipelineModel$.load(Pipeline.scala:361)
[error] 	at com.agribigdata.ml.Phase9HdfsVerification$.main(Phase9HdfsVerification.scala:16)
[error] 	at com.agribigdata.ml.Phase9HdfsVerification.main(Phase9HdfsVerification.scala)
[error] Caused by: java.net.SocketException: Connection reset
[error] 	at java.base/sun.nio.ch.SocketChannelImpl.throwConnectionReset(SocketChannelImpl.java:401)
[error] 	at java.base/sun.nio.ch.SocketChannelImpl.read(SocketChannelImpl.java:434)
[error] 	at org.apache.hadoop.net.SocketInputStream$Reader.performIO(SocketInputStream.java:57)
[error] 	at org.apache.hadoop.net.SocketIOWithTimeout.doIO(SocketIOWithTimeout.java:141)
[error] 	at org.apache.hadoop.net.SocketInputStream.read(SocketInputStream.java:161)
[error] 	at org.apache.hadoop.net.SocketInputStream.read(SocketInputStream.java:131)
[error] 	at java.base/java.io.FilterInputStream.read(FilterInputStream.java:119)
[error] 	at java.base/java.io.BufferedInputStream.fill(BufferedInputStream.java:291)
[error] 	at java.base/java.io.BufferedInputStream.read1(BufferedInputStream.java:347)
[error] 	at java.base/java.io.BufferedInputStream.implRead(BufferedInputStream.java:420)
[error] 	at java.base/java.io.BufferedInputStream.read(BufferedInputStream.java:399)
[error] 	at java.base/java.io.DataInputStream.read(DataInputStream.java:158)
[error] 	at java.base/java.io.FilterInputStream.read(FilterInputStream.java:119)
[error] 	at org.apache.hadoop.ipc.Client$Connection$PingInputStream.read(Client.java:584)
[error] 	at java.base/java.io.DataInputStream.readFully(DataInputStream.java:208)
[error] 	at java.base/java.io.DataInputStream.readInt(DataInputStream.java:385)
[error] 	at org.apache.hadoop.ipc.Client$IpcStreams.readResponse(Client.java:1949)
[error] 	at org.apache.hadoop.ipc.Client$Connection.receiveRpcResponse(Client.java:1251)
[error] 	at org.apache.hadoop.ipc.Client$Connection.work(Client.java:1141)
[error] 	at org.apache.hadoop.util.concurrent.SubjectInheritingThread.run(SubjectInheritingThread.java:209)
[error] 26/10/06 22:57:18 ERROR Instrumentation: java.net.SocketException: Call From Kaushals-MacBook-Air.local/127.0.0.1 to localhost:9000 failed on socket exception: java.net.SocketException: Connection reset; For more details see:  http://wiki.apache.org/hadoop/SocketException
[error] 	at java.base/jdk.internal.reflect.DirectConstructorHandleAccessor.newInstance(DirectConstructorHandleAccessor.java:62)
[error] 	at java.base/java.lang.reflect.Constructor.newInstanceWithCaller(Constructor.java:502)
[error] 	at java.base/java.lang.reflect.Constructor.newInstance(Constructor.java:486)
[error] 	at org.apache.hadoop.util.dynamic.DynConstructors$Ctor.newInstanceChecked(DynConstructors.java:58)
[error] 	at org.apache.hadoop.util.dynamic.DynConstructors$Ctor.newInstance(DynConstructors.java:70)
[error] 	at org.apache.hadoop.net.NetUtils.wrapWithMessage(NetUtils.java:1013)
[error] 	at org.apache.hadoop.net.NetUtils.wrapException(NetUtils.java:918)
[error] 	at org.apache.hadoop.ipc.Client.warpIOException(Client.java:1618)
[error] 	at org.apache.hadoop.ipc.Client.getRpcResponse(Client.java:1605)
[error] 	at org.apache.hadoop.ipc.Client.call(Client.java:1558)
[error] 	at org.apache.hadoop.ipc.Client.call(Client.java:1474)
[error] 	at org.apache.hadoop.ipc.ProtobufRpcEngine2$Invoker.invoke(ProtobufRpcEngine2.java:259)
[error] 	at org.apache.hadoop.ipc.ProtobufRpcEngine2$Invoker.invoke(ProtobufRpcEngine2.java:140)
[error] 	at jdk.proxy2/jdk.proxy2.$Proxy46.getFileInfo(Unknown Source)
[error] 	at org.apache.hadoop.hdfs.protocolPB.ClientNamenodeProtocolTranslatorPB.lambda$getFileInfo$41(ClientNamenodeProtocolTranslatorPB.java:820)
[error] 	at org.apache.hadoop.ipc.internal.ShadedProtobufHelper.ipc(ShadedProtobufHelper.java:160)
[error] 	at org.apache.hadoop.hdfs.protocolPB.ClientNamenodeProtocolTranslatorPB.getFileInfo(ClientNamenodeProtocolTranslatorPB.java:820)
[error] 	at java.base/jdk.internal.reflect.DirectMethodHandleAccessor.invoke(DirectMethodHandleAccessor.java:103)
[error] 	at java.base/java.lang.reflect.Method.invoke(Method.java:580)
[error] 	at org.apache.hadoop.io.retry.RetryInvocationHandler.invokeMethod(RetryInvocationHandler.java:437)
[error] 	at org.apache.hadoop.io.retry.RetryInvocationHandler$Call.invokeMethod(RetryInvocationHandler.java:170)
[error] 	at org.apache.hadoop.io.retry.RetryInvocationHandler$Call.invoke(RetryInvocationHandler.java:162)
[error] 	at org.apache.hadoop.io.retry.RetryInvocationHandler$Call.invokeOnce(RetryInvocationHandler.java:100)
[error] 	at org.apache.hadoop.io.retry.RetryInvocationHandler.invoke(RetryInvocationHandler.java:366)
[error] 	at jdk.proxy2/jdk.proxy2.$Proxy47.getFileInfo(Unknown Source)
[error] 	at org.apache.hadoop.hdfs.DFSClient.getFileInfo(DFSClient.java:1770)
[error] 	at org.apache.hadoop.hdfs.DistributedFileSystem$29.doCall(DistributedFileSystem.java:1838)
[error] 	at org.apache.hadoop.hdfs.DistributedFileSystem$29.doCall(DistributedFileSystem.java:1835)
[error] 	at org.apache.hadoop.fs.FileSystemLinkResolver.resolve(FileSystemLinkResolver.java:81)
[error] 	at org.apache.hadoop.hdfs.DistributedFileSystem.getFileStatus(DistributedFileSystem.java:1850)
[error] 	at org.apache.hadoop.fs.FileSystem.exists(FileSystem.java:1863)
[error] 	at org.apache.spark.sql.execution.datasources.DataSource$.$anonfun$checkAndGlobPathIfNecessary$4(DataSource.scala:835)
[error] 	at org.apache.spark.sql.execution.datasources.DataSource$.$anonfun$checkAndGlobPathIfNecessary$4$adapted(DataSource.scala:833)
[error] 	at ... run in separate thread using org.apache.spark.util.ThreadUtils ... ()
[error] 	at org.apache.spark.sql.execution.datasources.DataSource$.checkAndGlobPathIfNecessary(DataSource.scala:840)
[error] 	at org.apache.spark.sql.execution.datasources.DataSource.checkAndGlobPathIfNecessary(DataSource.scala:593)
[error] 	at org.apache.spark.sql.execution.datasources.DataSource.resolveRelation(DataSource.scala:436)
[error] 	at org.apache.spark.sql.catalyst.analysis.ResolveDataSource.org$apache$spark$sql$catalyst$analysis$ResolveDataSource$$loadV1BatchSource(ResolveDataSource.scala:210)
[error] 	at org.apache.spark.sql.catalyst.analysis.ResolveDataSource$$anonfun$apply$1.$anonfun$applyOrElse$2(ResolveDataSource.scala:62)
[error] 	at scala.Option.getOrElse(Option.scala:201)
[error] 	at org.apache.spark.sql.catalyst.analysis.ResolveDataSource$$anonfun$apply$1.applyOrElse(ResolveDataSource.scala:62)
[error] 	at org.apache.spark.sql.catalyst.analysis.ResolveDataSource$$anonfun$apply$1.applyOrElse(ResolveDataSource.scala:46)
[error] 	at org.apache.spark.sql.catalyst.plans.logical.AnalysisHelper.$anonfun$resolveOperatorsUpWithPruning$3(AnalysisHelper.scala:139)
[error] 	at org.apache.spark.sql.catalyst.trees.CurrentOrigin$.withOrigin(origin.scala:107)
[error] 	at org.apache.spark.sql.catalyst.plans.logical.AnalysisHelper.$anonfun$resolveOperatorsUpWithPruning$1(AnalysisHelper.scala:139)
[error] 	at org.apache.spark.sql.catalyst.plans.logical.AnalysisHelper$.allowInvokingTransformsInAnalyzer(AnalysisHelper.scala:416)
[error] 	at org.apache.spark.sql.catalyst.plans.logical.AnalysisHelper.resolveOperatorsUpWithPruning(AnalysisHelper.scala:135)
[error] 	at org.apache.spark.sql.catalyst.plans.logical.AnalysisHelper.resolveOperatorsUpWithPruning$(AnalysisHelper.scala:131)
[error] 	at org.apache.spark.sql.catalyst.plans.logical.LogicalPlan.resolveOperatorsUpWithPruning(LogicalPlan.scala:37)
[error] 	at org.apache.spark.sql.catalyst.plans.logical.AnalysisHelper.resolveOperatorsUp(AnalysisHelper.scala:112)
[error] 	at org.apache.spark.sql.catalyst.plans.logical.AnalysisHelper.resolveOperatorsUp$(AnalysisHelper.scala:111)
[error] 	at org.apache.spark.sql.catalyst.plans.logical.LogicalPlan.resolveOperatorsUp(LogicalPlan.scala:37)
[error] 	at org.apache.spark.sql.catalyst.analysis.ResolveDataSource.apply(ResolveDataSource.scala:46)
[error] 	at org.apache.spark.sql.catalyst.analysis.ResolveDataSource.apply(ResolveDataSource.scala:44)
[error] 	at org.apache.spark.sql.catalyst.rules.RuleExecutor.$anonfun$execute$2(RuleExecutor.scala:248)
[error] 	at scala.collection.LinearSeqOps.foldLeft(LinearSeq.scala:183)
[error] 	at scala.collection.LinearSeqOps.foldLeft$(LinearSeq.scala:179)
[error] 	at scala.collection.immutable.List.foldLeft(List.scala:79)
[error] 	at org.apache.spark.sql.catalyst.rules.RuleExecutor.$anonfun$execute$1(RuleExecutor.scala:245)
[error] 	at org.apache.spark.sql.catalyst.rules.RuleExecutor.$anonfun$execute$1$adapted(RuleExecutor.scala:237)
[error] 	at scala.collection.immutable.List.foreach(List.scala:323)
[error] 	at org.apache.spark.sql.catalyst.rules.RuleExecutor.execute(RuleExecutor.scala:237)
[error] 	at org.apache.spark.sql.catalyst.analysis.Analyzer.super$execute(Analyzer.scala:438)
[error] 	at org.apache.spark.sql.catalyst.analysis.Analyzer.$anonfun$executeSameContext$1(Analyzer.scala:438)
[error] 	at org.apache.spark.sql.internal.SQLConf$.withExistingConf(SQLConf.scala:171)
[error] 	at org.apache.spark.sql.catalyst.analysis.Analyzer.runWithSessionConf(Analyzer.scala:400)
[error] 	at org.apache.spark.sql.catalyst.analysis.Analyzer.org$apache$spark$sql$catalyst$analysis$Analyzer$$executeSameContext(Analyzer.scala:438)
[error] 	at org.apache.spark.sql.catalyst.analysis.Analyzer.$anonfun$execute$1(Analyzer.scala:433)
[error] 	at org.apache.spark.sql.catalyst.analysis.AnalysisContext$.withNewAnalysisContext(Analyzer.scala:276)
[error] 	at org.apache.spark.sql.catalyst.analysis.Analyzer.execute(Analyzer.scala:433)
[error] 	at org.apache.spark.sql.catalyst.analysis.Analyzer.execute(Analyzer.scala:336)
[error] 	at org.apache.spark.sql.catalyst.rules.RuleExecutor.$anonfun$executeAndTrack$1(RuleExecutor.scala:207)
[error] 	at org.apache.spark.sql.catalyst.QueryPlanningTracker$.withTracker(QueryPlanningTracker.scala:89)
[error] 	at org.apache.spark.sql.catalyst.rules.RuleExecutor.executeAndTrack(RuleExecutor.scala:207)
[error] 	at org.apache.spark.sql.catalyst.analysis.resolver.HybridAnalyzer.resolveInFixedPoint(HybridAnalyzer.scala:273)
[error] 	at org.apache.spark.sql.catalyst.analysis.resolver.HybridAnalyzer.$anonfun$apply$1(HybridAnalyzer.scala:82)
[error] 	at org.apache.spark.sql.catalyst.analysis.resolver.HybridAnalyzer.withTrackedAnalyzerBridgeState(HybridAnalyzer.scala:117)
[error] 	at org.apache.spark.sql.catalyst.analysis.resolver.HybridAnalyzer.apply(HybridAnalyzer.scala:75)
[error] 	at org.apache.spark.sql.catalyst.analysis.Analyzer.runAnalysis$1(Analyzer.scala:368)
[error] 	at org.apache.spark.sql.catalyst.analysis.Analyzer.$anonfun$executeAndCheck$2(Analyzer.scala:373)
[error] 	at org.apache.spark.sql.internal.SQLConf$.withExistingConf(SQLConf.scala:171)
[error] 	at org.apache.spark.sql.catalyst.analysis.Analyzer.runWithSessionConf(Analyzer.scala:400)
[error] 	at org.apache.spark.sql.catalyst.analysis.Analyzer.$anonfun$executeAndCheck$1(Analyzer.scala:373)
[error] 	at org.apache.spark.sql.catalyst.plans.logical.AnalysisHelper$.markInAnalyzer(AnalysisHelper.scala:423)
[error] 	at org.apache.spark.sql.catalyst.analysis.Analyzer.executeAndCheck(Analyzer.scala:373)
[error] 	at org.apache.spark.sql.execution.QueryExecution.$anonfun$lazyAnalyzed$2(QueryExecution.scala:200)
[error] 	at org.apache.spark.sql.catalyst.QueryPlanningTracker.measurePhase(QueryPlanningTracker.scala:148)
[error] 	at org.apache.spark.sql.execution.QueryExecution.$anonfun$executePhase$3(QueryExecution.scala:410)
[error] 	at org.apache.spark.sql.execution.QueryExecution.withQueryExecutionId(QueryExecution.scala:429)
[error] 	at org.apache.spark.sql.execution.QueryExecution.$anonfun$executePhase$2(QueryExecution.scala:410)
[error] 	at org.apache.spark.sql.execution.QueryExecution$.withInternalError(QueryExecution.scala:872)
[error] 	at org.apache.spark.sql.execution.QueryExecution.$anonfun$executePhase$1(QueryExecution.scala:409)
[error] 	at org.apache.spark.sql.SparkSession.withActive(SparkSession.scala:810)
[error] 	at org.apache.spark.sql.execution.QueryExecution.executePhase(QueryExecution.scala:408)
[error] 	at org.apache.spark.sql.execution.QueryExecution.$anonfun$lazyAnalyzed$1(QueryExecution.scala:200)
[error] 	at scala.util.Try$.apply(Try.scala:217)
[error] 	at org.apache.spark.util.Utils$.doTryWithCallerStacktrace(Utils.scala:1407)
[error] 	at org.apache.spark.util.Utils$.getTryWithCallerStacktrace(Utils.scala:1457)
[error] 	at org.apache.spark.util.LazyTry.get(LazyTry.scala:61)
[error] 	at org.apache.spark.sql.execution.QueryExecution.$anonfun$analyzed$1(QueryExecution.scala:212)
[error] 	at org.apache.spark.sql.execution.QueryExecution.withAbortTransactionOnFailure(QueryExecution.scala:632)
[error] 	at org.apache.spark.sql.execution.QueryExecution.analyzed(QueryExecution.scala:212)
[error] 	at org.apache.spark.sql.execution.QueryExecution.assertAnalyzed(QueryExecution.scala:151)
[error] 	at org.apache.spark.sql.classic.Dataset$.$anonfun$ofRows$1(Dataset.scala:114)
[error] 	at org.apache.spark.sql.SparkSession.withActive(SparkSession.scala:810)
[error] 	at org.apache.spark.sql.classic.Dataset$.ofRows(Dataset.scala:112)
[error] 	at org.apache.spark.sql.classic.DataFrameReader.load(DataFrameReader.scala:109)
[error] 	at org.apache.spark.sql.classic.DataFrameReader.load(DataFrameReader.scala:58)
[error] 	at org.apache.spark.sql.DataFrameReader.text(DataFrameReader.scala:554)
[error] 	at org.apache.spark.sql.classic.DataFrameReader.text(DataFrameReader.scala:342)
[error] 	at org.apache.spark.sql.classic.DataFrameReader.text(DataFrameReader.scala:58)
[error] 	at org.apache.spark.sql.DataFrameReader.text(DataFrameReader.scala:528)
[error] 	at org.apache.spark.sql.classic.DataFrameReader.text(DataFrameReader.scala:338)
[error] 	at org.apache.spark.sql.classic.DataFrameReader.text(DataFrameReader.scala:58)
[error] 	at org.apache.spark.ml.util.ReadWriteUtils$.loadText(ReadWrite.scala:1059)
[error] 	at org.apache.spark.ml.util.DefaultParamsReader$.loadMetadata(ReadWrite.scala:722)
[error] 	at org.apache.spark.ml.Pipeline$SharedReadWrite$.$anonfun$load$3(Pipeline.scala:293)
[error] 	at org.apache.spark.ml.util.Instrumentation$.$anonfun$instrumented$1(Instrumentation.scala:226)
[error] 	at scala.util.Try$.apply(Try.scala:217)
[error] 	at org.apache.spark.ml.util.Instrumentation$.instrumented(Instrumentation.scala:226)
[error] 	at org.apache.spark.ml.Pipeline$SharedReadWrite$.load(Pipeline.scala:292)
[error] 	at org.apache.spark.ml.PipelineModel$PipelineModelReader.$anonfun$load$7(Pipeline.scala:381)
[error] 	at org.apache.spark.ml.MLEvents.withLoadInstanceEvent(events.scala:160)
[error] 	at org.apache.spark.ml.MLEvents.withLoadInstanceEvent$(events.scala:155)
[error] 	at org.apache.spark.ml.util.Instrumentation.withLoadInstanceEvent(Instrumentation.scala:44)
[error] 	at org.apache.spark.ml.PipelineModel$PipelineModelReader.$anonfun$load$6(Pipeline.scala:379)
[error] 	at org.apache.spark.ml.util.Instrumentation$.$anonfun$instrumented$1(Instrumentation.scala:226)
[error] 	at scala.util.Try$.apply(Try.scala:217)
[error] 	at org.apache.spark.ml.util.Instrumentation$.instrumented(Instrumentation.scala:226)
[error] 	at org.apache.spark.ml.PipelineModel$PipelineModelReader.load(Pipeline.scala:379)
[error] 	at org.apache.spark.ml.PipelineModel$PipelineModelReader.load(Pipeline.scala:373)
[error] 	at org.apache.spark.ml.util.MLReadable.load(ReadWrite.scala:389)
[error] 	at org.apache.spark.ml.util.MLReadable.load$(ReadWrite.scala:389)
[error] 	at org.apache.spark.ml.PipelineModel$.load(Pipeline.scala:361)
[error] 	at com.agribigdata.ml.Phase9HdfsVerification$.main(Phase9HdfsVerification.scala:16)
[error] 	at com.agribigdata.ml.Phase9HdfsVerification.main(Phase9HdfsVerification.scala)
[error] Caused by: java.net.SocketException: Connection reset
[error] 	at java.base/sun.nio.ch.SocketChannelImpl.throwConnectionReset(SocketChannelImpl.java:401)
[error] 	at java.base/sun.nio.ch.SocketChannelImpl.read(SocketChannelImpl.java:434)
[error] 	at org.apache.hadoop.net.SocketInputStream$Reader.performIO(SocketInputStream.java:57)
[error] 	at org.apache.hadoop.net.SocketIOWithTimeout.doIO(SocketIOWithTimeout.java:141)
[error] 	at org.apache.hadoop.net.SocketInputStream.read(SocketInputStream.java:161)
[error] 	at org.apache.hadoop.net.SocketInputStream.read(SocketInputStream.java:131)
[error] 	at java.base/java.io.FilterInputStream.read(FilterInputStream.java:119)
[error] 	at java.base/java.io.BufferedInputStream.fill(BufferedInputStream.java:291)
[error] 	at java.base/java.io.BufferedInputStream.read1(BufferedInputStream.java:347)
[info] HDFS PREDICTION VERIFICATION: FAIL
[info] Error: Call From Kaushals-MacBook-Air.local/127.0.0.1 to localhost:9000 failed on socket exception: java.net.SocketException: Connection reset; For more details see:  http://wiki.apache.org/hadoop/SocketException
[error] 	at java.base/java.io.BufferedInputStream.implRead(BufferedInputStream.java:420)
[error] 	at java.base/java.io.BufferedInputStream.read(BufferedInputStream.java:399)
[error] 	at java.base/java.io.DataInputStream.read(DataInputStream.java:158)
[error] 	at java.base/java.io.FilterInputStream.read(FilterInputStream.java:119)
[error] 	at org.apache.hadoop.ipc.Client$Connection$PingInputStream.read(Client.java:584)
[error] 	at java.base/java.io.DataInputStream.readFully(DataInputStream.java:208)
[error] 	at java.base/java.io.DataInputStream.readInt(DataInputStream.java:385)
[error] 	at org.apache.hadoop.ipc.Client$IpcStreams.readResponse(Client.java:1949)
[error] 	at org.apache.hadoop.ipc.Client$Connection.receiveRpcResponse(Client.java:1251)
[error] 	at org.apache.hadoop.ipc.Client$Connection.work(Client.java:1141)
[error] 	at org.apache.hadoop.util.concurrent.SubjectInheritingThread.run(SubjectInheritingThread.java:209)
[error] 26/10/06 22:57:18 WARN FileStreamSink: Assume no metadata directory. Error while looking for metadata directory in the path: hdfs://localhost:9000/agri/analytics/anomaly_predictions.
[error] java.net.SocketException: Call From Kaushals-MacBook-Air.local/127.0.0.1 to localhost:9000 failed on socket exception: java.net.SocketException: Connection reset; For more details see:  http://wiki.apache.org/hadoop/SocketException
[error] 	at java.base/jdk.internal.reflect.DirectConstructorHandleAccessor.newInstance(DirectConstructorHandleAccessor.java:62)
[error] 	at java.base/java.lang.reflect.Constructor.newInstanceWithCaller(Constructor.java:502)
[error] 	at java.base/java.lang.reflect.Constructor.newInstance(Constructor.java:486)
[error] 	at org.apache.hadoop.util.dynamic.DynConstructors$Ctor.newInstanceChecked(DynConstructors.java:58)
[error] 	at org.apache.hadoop.util.dynamic.DynConstructors$Ctor.newInstance(DynConstructors.java:70)
[error] 	at org.apache.hadoop.net.NetUtils.wrapWithMessage(NetUtils.java:1013)
[error] 	at org.apache.hadoop.net.NetUtils.wrapException(NetUtils.java:918)
[error] 	at org.apache.hadoop.ipc.Client.warpIOException(Client.java:1618)
[error] 	at org.apache.hadoop.ipc.Client.getRpcResponse(Client.java:1605)
[error] 	at org.apache.hadoop.ipc.Client.call(Client.java:1558)
[error] 	at org.apache.hadoop.ipc.Client.call(Client.java:1474)
[error] 	at org.apache.hadoop.ipc.ProtobufRpcEngine2$Invoker.invoke(ProtobufRpcEngine2.java:259)
[error] 	at org.apache.hadoop.ipc.ProtobufRpcEngine2$Invoker.invoke(ProtobufRpcEngine2.java:140)
[error] 	at jdk.proxy2/jdk.proxy2.$Proxy46.getFileInfo(Unknown Source)
[error] 	at org.apache.hadoop.hdfs.protocolPB.ClientNamenodeProtocolTranslatorPB.lambda$getFileInfo$41(ClientNamenodeProtocolTranslatorPB.java:820)
[error] 	at org.apache.hadoop.ipc.internal.ShadedProtobufHelper.ipc(ShadedProtobufHelper.java:160)
[error] 	at org.apache.hadoop.hdfs.protocolPB.ClientNamenodeProtocolTranslatorPB.getFileInfo(ClientNamenodeProtocolTranslatorPB.java:820)
[error] 	at java.base/jdk.internal.reflect.DirectMethodHandleAccessor.invoke(DirectMethodHandleAccessor.java:103)
[error] 	at java.base/java.lang.reflect.Method.invoke(Method.java:580)
[error] 	at org.apache.hadoop.io.retry.RetryInvocationHandler.invokeMethod(RetryInvocationHandler.java:437)
[error] 	at org.apache.hadoop.io.retry.RetryInvocationHandler$Call.invokeMethod(RetryInvocationHandler.java:170)
[error] 	at org.apache.hadoop.io.retry.RetryInvocationHandler$Call.invoke(RetryInvocationHandler.java:162)
[error] 	at org.apache.hadoop.io.retry.RetryInvocationHandler$Call.invokeOnce(RetryInvocationHandler.java:100)
[error] 	at org.apache.hadoop.io.retry.RetryInvocationHandler.invoke(RetryInvocationHandler.java:366)
[error] 	at jdk.proxy2/jdk.proxy2.$Proxy47.getFileInfo(Unknown Source)
[error] 	at org.apache.hadoop.hdfs.DFSClient.getFileInfo(DFSClient.java:1770)
[error] 	at org.apache.hadoop.hdfs.DistributedFileSystem$29.doCall(DistributedFileSystem.java:1838)
[error] 	at org.apache.hadoop.hdfs.DistributedFileSystem$29.doCall(DistributedFileSystem.java:1835)
[error] 	at org.apache.hadoop.fs.FileSystemLinkResolver.resolve(FileSystemLinkResolver.java:81)
[error] 	at org.apache.hadoop.hdfs.DistributedFileSystem.getFileStatus(DistributedFileSystem.java:1850)
[error] 	at org.apache.spark.sql.execution.streaming.sinks.FileStreamSink$.hasMetadata(FileStreamSink.scala:58)
[error] 	at org.apache.spark.sql.execution.datasources.DataSource.resolveRelation(DataSource.scala:394)
[error] 	at org.apache.spark.sql.catalyst.analysis.ResolveDataSource.org$apache$spark$sql$catalyst$analysis$ResolveDataSource$$loadV1BatchSource(ResolveDataSource.scala:210)
[error] 	at org.apache.spark.sql.catalyst.analysis.ResolveDataSource$$anonfun$apply$1.$anonfun$applyOrElse$2(ResolveDataSource.scala:62)
[error] 	at scala.Option.getOrElse(Option.scala:201)
[error] 	at org.apache.spark.sql.catalyst.analysis.ResolveDataSource$$anonfun$apply$1.applyOrElse(ResolveDataSource.scala:62)
[error] 	at org.apache.spark.sql.catalyst.analysis.ResolveDataSource$$anonfun$apply$1.applyOrElse(ResolveDataSource.scala:46)
[error] 	at org.apache.spark.sql.catalyst.plans.logical.AnalysisHelper.$anonfun$resolveOperatorsUpWithPruning$3(AnalysisHelper.scala:139)
[error] 	at org.apache.spark.sql.catalyst.trees.CurrentOrigin$.withOrigin(origin.scala:107)
[error] 	at org.apache.spark.sql.catalyst.plans.logical.AnalysisHelper.$anonfun$resolveOperatorsUpWithPruning$1(AnalysisHelper.scala:139)
[error] 	at org.apache.spark.sql.catalyst.plans.logical.AnalysisHelper$.allowInvokingTransformsInAnalyzer(AnalysisHelper.scala:416)
[error] 	at org.apache.spark.sql.catalyst.plans.logical.AnalysisHelper.resolveOperatorsUpWithPruning(AnalysisHelper.scala:135)
[error] 	at org.apache.spark.sql.catalyst.plans.logical.AnalysisHelper.resolveOperatorsUpWithPruning$(AnalysisHelper.scala:131)
[error] 	at org.apache.spark.sql.catalyst.plans.logical.LogicalPlan.resolveOperatorsUpWithPruning(LogicalPlan.scala:37)
[error] 	at org.apache.spark.sql.catalyst.plans.logical.AnalysisHelper.resolveOperatorsUp(AnalysisHelper.scala:112)
[error] 	at org.apache.spark.sql.catalyst.plans.logical.AnalysisHelper.resolveOperatorsUp$(AnalysisHelper.scala:111)
[error] 	at org.apache.spark.sql.catalyst.plans.logical.LogicalPlan.resolveOperatorsUp(LogicalPlan.scala:37)
[error] 	at org.apache.spark.sql.catalyst.analysis.ResolveDataSource.apply(ResolveDataSource.scala:46)
[error] 	at org.apache.spark.sql.catalyst.analysis.ResolveDataSource.apply(ResolveDataSource.scala:44)
[error] 	at org.apache.spark.sql.catalyst.rules.RuleExecutor.$anonfun$execute$2(RuleExecutor.scala:248)
[error] 	at scala.collection.LinearSeqOps.foldLeft(LinearSeq.scala:183)
[error] 	at scala.collection.LinearSeqOps.foldLeft$(LinearSeq.scala:179)
[error] 	at scala.collection.immutable.List.foldLeft(List.scala:79)
[error] 	at org.apache.spark.sql.catalyst.rules.RuleExecutor.$anonfun$execute$1(RuleExecutor.scala:245)
[error] 	at org.apache.spark.sql.catalyst.rules.RuleExecutor.$anonfun$execute$1$adapted(RuleExecutor.scala:237)
[error] 	at scala.collection.immutable.List.foreach(List.scala:323)
[error] 	at org.apache.spark.sql.catalyst.rules.RuleExecutor.execute(RuleExecutor.scala:237)
[error] 	at org.apache.spark.sql.catalyst.analysis.Analyzer.super$execute(Analyzer.scala:438)
[error] 	at org.apache.spark.sql.catalyst.analysis.Analyzer.$anonfun$executeSameContext$1(Analyzer.scala:438)
[error] 	at org.apache.spark.sql.internal.SQLConf$.withExistingConf(SQLConf.scala:171)
[error] 	at org.apache.spark.sql.catalyst.analysis.Analyzer.runWithSessionConf(Analyzer.scala:400)
[error] 	at org.apache.spark.sql.catalyst.analysis.Analyzer.org$apache$spark$sql$catalyst$analysis$Analyzer$$executeSameContext(Analyzer.scala:438)
[error] 	at org.apache.spark.sql.catalyst.analysis.Analyzer.$anonfun$execute$1(Analyzer.scala:433)
[error] 	at org.apache.spark.sql.catalyst.analysis.AnalysisContext$.withNewAnalysisContext(Analyzer.scala:276)
[error] 	at org.apache.spark.sql.catalyst.analysis.Analyzer.execute(Analyzer.scala:433)
[error] 	at org.apache.spark.sql.catalyst.analysis.Analyzer.execute(Analyzer.scala:336)
[error] 	at org.apache.spark.sql.catalyst.rules.RuleExecutor.$anonfun$executeAndTrack$1(RuleExecutor.scala:207)
[error] 	at org.apache.spark.sql.catalyst.QueryPlanningTracker$.withTracker(QueryPlanningTracker.scala:89)
[error] 	at org.apache.spark.sql.catalyst.rules.RuleExecutor.executeAndTrack(RuleExecutor.scala:207)
[error] 	at org.apache.spark.sql.catalyst.analysis.resolver.HybridAnalyzer.resolveInFixedPoint(HybridAnalyzer.scala:273)
[error] 	at org.apache.spark.sql.catalyst.analysis.resolver.HybridAnalyzer.$anonfun$apply$1(HybridAnalyzer.scala:82)
[error] 	at org.apache.spark.sql.catalyst.analysis.resolver.HybridAnalyzer.withTrackedAnalyzerBridgeState(HybridAnalyzer.scala:117)
[error] 	at org.apache.spark.sql.catalyst.analysis.resolver.HybridAnalyzer.apply(HybridAnalyzer.scala:75)
[error] 	at org.apache.spark.sql.catalyst.analysis.Analyzer.runAnalysis$1(Analyzer.scala:368)
[error] 	at org.apache.spark.sql.catalyst.analysis.Analyzer.$anonfun$executeAndCheck$2(Analyzer.scala:373)
[error] 	at org.apache.spark.sql.internal.SQLConf$.withExistingConf(SQLConf.scala:171)
[error] 	at org.apache.spark.sql.catalyst.analysis.Analyzer.runWithSessionConf(Analyzer.scala:400)
[error] 	at org.apache.spark.sql.catalyst.analysis.Analyzer.$anonfun$executeAndCheck$1(Analyzer.scala:373)
[error] 	at org.apache.spark.sql.catalyst.plans.logical.AnalysisHelper$.markInAnalyzer(AnalysisHelper.scala:423)
[error] 	at org.apache.spark.sql.catalyst.analysis.Analyzer.executeAndCheck(Analyzer.scala:373)
[error] 	at org.apache.spark.sql.execution.QueryExecution.$anonfun$lazyAnalyzed$2(QueryExecution.scala:200)
[error] 	at org.apache.spark.sql.catalyst.QueryPlanningTracker.measurePhase(QueryPlanningTracker.scala:148)
[error] 	at org.apache.spark.sql.execution.QueryExecution.$anonfun$executePhase$3(QueryExecution.scala:410)
[error] 	at org.apache.spark.sql.execution.QueryExecution.withQueryExecutionId(QueryExecution.scala:429)
[error] 	at org.apache.spark.sql.execution.QueryExecution.$anonfun$executePhase$2(QueryExecution.scala:410)
[error] 	at org.apache.spark.sql.execution.QueryExecution$.withInternalError(QueryExecution.scala:872)
[error] 	at org.apache.spark.sql.execution.QueryExecution.$anonfun$executePhase$1(QueryExecution.scala:409)
[error] 	at org.apache.spark.sql.SparkSession.withActive(SparkSession.scala:810)
[error] 	at org.apache.spark.sql.execution.QueryExecution.executePhase(QueryExecution.scala:408)
[error] 	at org.apache.spark.sql.execution.QueryExecution.$anonfun$lazyAnalyzed$1(QueryExecution.scala:200)
[error] 	at scala.util.Try$.apply(Try.scala:217)
[error] 	at org.apache.spark.util.Utils$.doTryWithCallerStacktrace(Utils.scala:1407)
[error] 	at org.apache.spark.util.LazyTry.tryT$lzycompute(LazyTry.scala:46)
[error] 	at org.apache.spark.util.LazyTry.tryT(LazyTry.scala:46)
[error] 	at org.apache.spark.util.LazyTry.get(LazyTry.scala:61)
[error] 	at org.apache.spark.sql.execution.QueryExecution.$anonfun$analyzed$1(QueryExecution.scala:212)
[error] 	at org.apache.spark.sql.execution.QueryExecution.withAbortTransactionOnFailure(QueryExecution.scala:632)
[error] 	at org.apache.spark.sql.execution.QueryExecution.analyzed(QueryExecution.scala:212)
[error] 	at org.apache.spark.sql.execution.QueryExecution.assertAnalyzed(QueryExecution.scala:151)
[error] 	at org.apache.spark.sql.classic.Dataset$.$anonfun$ofRows$1(Dataset.scala:114)
[error] 	at org.apache.spark.sql.SparkSession.withActive(SparkSession.scala:810)
[error] 	at org.apache.spark.sql.classic.Dataset$.ofRows(Dataset.scala:112)
[error] 	at org.apache.spark.sql.classic.DataFrameReader.load(DataFrameReader.scala:109)
[error] 	at org.apache.spark.sql.classic.DataFrameReader.load(DataFrameReader.scala:58)
[error] 	at org.apache.spark.sql.DataFrameReader.parquet(DataFrameReader.scala:457)
[error] 	at org.apache.spark.sql.classic.DataFrameReader.parquet(DataFrameReader.scala:306)
[error] 	at org.apache.spark.sql.classic.DataFrameReader.parquet(DataFrameReader.scala:58)
[error] 	at org.apache.spark.sql.DataFrameReader.parquet(DataFrameReader.scala:444)
[error] 	at org.apache.spark.sql.classic.DataFrameReader.parquet(DataFrameReader.scala:302)
[error] 	at org.apache.spark.sql.classic.DataFrameReader.parquet(DataFrameReader.scala:58)
[error] 	at com.agribigdata.ml.Phase9HdfsVerification$.main(Phase9HdfsVerification.scala:26)
[error] 	at com.agribigdata.ml.Phase9HdfsVerification.main(Phase9HdfsVerification.scala)
[error] Caused by: java.net.SocketException: Connection reset
[error] 	at java.base/sun.nio.ch.SocketChannelImpl.throwConnectionReset(SocketChannelImpl.java:401)
[error] 	at java.base/sun.nio.ch.SocketChannelImpl.read(SocketChannelImpl.java:434)
[error] 	at org.apache.hadoop.net.SocketInputStream$Reader.performIO(SocketInputStream.java:57)
[error] 	at org.apache.hadoop.net.SocketIOWithTimeout.doIO(SocketIOWithTimeout.java:141)
[error] 	at org.apache.hadoop.net.SocketInputStream.read(SocketInputStream.java:161)
[error] 	at org.apache.hadoop.net.SocketInputStream.read(SocketInputStream.java:131)
[error] 	at java.base/java.io.FilterInputStream.read(FilterInputStream.java:119)
[error] 	at java.base/java.io.BufferedInputStream.fill(BufferedInputStream.java:291)
[error] 	at java.base/java.io.BufferedInputStream.read1(BufferedInputStream.java:347)
[error] 	at java.base/java.io.BufferedInputStream.implRead(BufferedInputStream.java:420)
[error] 	at java.base/java.io.BufferedInputStream.read(BufferedInputStream.java:399)
[error] 	at java.base/java.io.DataInputStream.read(DataInputStream.java:158)
[error] 	at java.base/java.io.FilterInputStream.read(FilterInputStream.java:119)
[error] 	at org.apache.hadoop.ipc.Client$Connection$PingInputStream.read(Client.java:584)
[error] 	at java.base/java.io.DataInputStream.readFully(DataInputStream.java:208)
[error] 	at java.base/java.io.DataInputStream.readInt(DataInputStream.java:385)
[error] 	at org.apache.hadoop.ipc.Client$IpcStreams.readResponse(Client.java:1949)
[error] 	at org.apache.hadoop.ipc.Client$Connection.receiveRpcResponse(Client.java:1251)
[error] 	at org.apache.hadoop.ipc.Client$Connection.work(Client.java:1141)
[error] 	at org.apache.hadoop.util.concurrent.SubjectInheritingThread.run(SubjectInheritingThread.java:209)
[success] Total time: 4 s, completed 06-Oct-2026, 10:57:18 pm
