WARNING: Using incubator modules: jdk.incubator.vector
Using Spark's default log4j profile: org/apache/spark/log4j2-defaults.properties
26/10/06 18:16:31 INFO SparkContext: Running Spark version 4.2.0
26/10/06 18:16:31 INFO SparkContext: OS info Linux, 6.12.76-linuxkit, aarch64
26/10/06 18:16:31 INFO SparkContext: Java version 21.0.11+10-LTS
26/10/06 18:16:31 WARN NativeCodeLoader: Unable to load native-hadoop library for your platform... using builtin-java classes where applicable
26/10/06 18:16:31 INFO ResourceUtils: ==============================================================
26/10/06 18:16:31 INFO ResourceUtils: No custom resources configured for spark.driver.
26/10/06 18:16:31 INFO ResourceUtils: ==============================================================
26/10/06 18:16:31 INFO SparkContext: Submitted application: Phase10StructuredStreaming
26/10/06 18:16:31 INFO SecurityManager: Changing view acls to: spark
26/10/06 18:16:31 INFO SecurityManager: Changing modify acls to: spark
26/10/06 18:16:31 INFO SecurityManager: Changing view acls groups to: spark
26/10/06 18:16:31 INFO SecurityManager: Changing modify acls groups to: spark
26/10/06 18:16:31 INFO SecurityManager: SecurityManager: authentication disabled; ui acls disabled; users with view permissions: spark groups with view permissions: EMPTY; users with modify permissions: spark; groups with modify permissions: EMPTY; RPC SSL disabled
26/10/06 18:16:31 INFO Utils: Successfully started service 'sparkDriver' on port 37717.
26/10/06 18:16:31 INFO SparkEnv: Registering MapOutputTracker
26/10/06 18:16:31 INFO SparkEnv: Registering BlockManagerMaster
26/10/06 18:16:31 INFO BlockManagerMasterEndpoint: Using org.apache.spark.storage.DefaultTopologyMapper for getting topology information
26/10/06 18:16:31 INFO BlockManagerMasterEndpoint: BlockManagerMasterEndpoint up
26/10/06 18:16:31 INFO SparkEnv: Registering BlockManagerMasterHeartbeat
26/10/06 18:16:31 INFO DiskBlockManager: Created local directory at /tmp/blockmgr-5f9c89e5-5538-4e1b-aebe-efb655beea09
26/10/06 18:16:31 INFO SparkEnv: Registering OutputCommitCoordinator
26/10/06 18:16:31 INFO JettyUtils: Start Jetty 0.0.0.0:4040 for SparkUI
26/10/06 18:16:31 INFO Utils: Successfully started service 'SparkUI' on port 4040.
26/10/06 18:16:31 INFO SparkContext: Added JAR file:/workspace/target/scala-2.13/agri-bigdata-assembly.jar at spark://02d682547f48:37717/jars/agri-bigdata-assembly.jar with timestamp 1791310591260
26/10/06 18:16:31 INFO ResourceProfile: Default ResourceProfile created, executor resources: Map(cores -> name: cores, amount: 1, script: , vendor: , memory -> name: memory, amount: 1024, script: , vendor: , offHeap -> name: offHeap, amount: 0, script: , vendor: ), task resources: Map(cpus -> name: cpus, amount: 1.0)
26/10/06 18:16:31 INFO ResourceProfile: Limiting resource is cpu
26/10/06 18:16:31 INFO ResourceProfileManager: Added ResourceProfile id: 0
26/10/06 18:16:31 INFO SecurityManager: Changing view acls to: spark
26/10/06 18:16:31 INFO SecurityManager: Changing modify acls to: spark
26/10/06 18:16:31 INFO SecurityManager: Changing view acls groups to: spark
26/10/06 18:16:31 INFO SecurityManager: Changing modify acls groups to: spark
26/10/06 18:16:31 INFO SecurityManager: SecurityManager: authentication disabled; ui acls disabled; users with view permissions: spark groups with view permissions: EMPTY; users with modify permissions: spark; groups with modify permissions: EMPTY; RPC SSL disabled
26/10/06 18:16:31 INFO Executor: Starting executor ID driver on host 02d682547f48
26/10/06 18:16:31 INFO Executor: Running Spark version 4.2.0
26/10/06 18:16:31 INFO Executor: OS info Linux, 6.12.76-linuxkit, aarch64
26/10/06 18:16:31 INFO Executor: Java version 21.0.11+10-LTS
26/10/06 18:16:31 INFO Executor: Starting executor with user classpath (userClassPathFirst = false): ''
26/10/06 18:16:31 INFO Executor: Created or updated repl class loader org.apache.spark.util.MutableURLClassLoader@285bf5ac for default.
26/10/06 18:16:31 INFO Executor: Fetching spark://02d682547f48:37717/jars/agri-bigdata-assembly.jar with timestamp 1791310591260
26/10/06 18:16:31 INFO TransportClientFactory: Successfully created connection to 02d682547f48/172.19.0.6:37717 after 8 ms (0 ms spent in bootstraps)
26/10/06 18:16:31 INFO Utils: Fetching spark://02d682547f48:37717/jars/agri-bigdata-assembly.jar to /tmp/spark-f8becb9b-1bce-4366-9184-909232a721f8/userFiles-75d35d55-6dfa-4e54-997b-81b651f3f87e/fetchFileTemp732020799958547054.tmp
26/10/06 18:16:31 INFO Executor: Adding file:/tmp/spark-f8becb9b-1bce-4366-9184-909232a721f8/userFiles-75d35d55-6dfa-4e54-997b-81b651f3f87e/agri-bigdata-assembly.jar to class loader default
26/10/06 18:16:31 INFO Utils: Successfully started service 'org.apache.spark.network.netty.NettyBlockTransferService' on port 43847.
26/10/06 18:16:31 INFO NettyBlockTransferService: Server created on 02d682547f48:43847
26/10/06 18:16:31 INFO BlockManager: Using org.apache.spark.storage.RandomBlockReplicationPolicy for block replication policy
26/10/06 18:16:31 INFO BlockManagerMaster: Registering BlockManager BlockManagerId(driver, 02d682547f48, 43847, None)
26/10/06 18:16:31 INFO BlockManagerMasterEndpoint: Registering block manager 02d682547f48:43847 with 434.4 MiB RAM, BlockManagerId(driver, 02d682547f48, 43847, None)
26/10/06 18:16:31 INFO BlockManagerMaster: Registered BlockManager BlockManagerId(driver, 02d682547f48, 43847, None)
26/10/06 18:16:31 INFO BlockManager: Initialized BlockManager: BlockManagerId(driver, 02d682547f48, 43847, None)
Loading frozen ML model from hdfs://namenode:9000/agri/models/anomaly_prediction_rf ...
Subscribing to Kafka topic: agri-market-transactions
26/10/06 18:16:34 WARN ResolveWriteToStream: spark.sql.adaptive.enabled is not supported in streaming DataFrames/Datasets and will be disabled.
26/10/06 18:16:34 WARN MicroBatchExecution: Disabling AQE since AQE is not supported in stateful workloads.
26/10/06 18:16:36 WARN HDFSBackedStateStoreProvider StateStoreProviderId[ storeId=StateStoreId[ operatorId=0, partitionId=5, storeName=default ], queryRunId=cbf325e7-2278-43a6-b05a-3992b0d74ba7 ]: The state for version 1 doesn't exist in loadedMaps. Reading snapshot file and delta files if needed...Note that this is normal for the first batch of starting query.
26/10/06 18:16:36 WARN HDFSBackedStateStoreProvider StateStoreProviderId[ storeId=StateStoreId[ operatorId=0, partitionId=0, storeName=default ], queryRunId=cbf325e7-2278-43a6-b05a-3992b0d74ba7 ]: The state for version 1 doesn't exist in loadedMaps. Reading snapshot file and delta files if needed...Note that this is normal for the first batch of starting query.
26/10/06 18:16:36 WARN HDFSBackedStateStoreProvider StateStoreProviderId[ storeId=StateStoreId[ operatorId=0, partitionId=4, storeName=default ], queryRunId=cbf325e7-2278-43a6-b05a-3992b0d74ba7 ]: The state for version 1 doesn't exist in loadedMaps. Reading snapshot file and delta files if needed...Note that this is normal for the first batch of starting query.
26/10/06 18:16:36 WARN HDFSBackedStateStoreProvider StateStoreProviderId[ storeId=StateStoreId[ operatorId=0, partitionId=18, storeName=default ], queryRunId=cbf325e7-2278-43a6-b05a-3992b0d74ba7 ]: The state for version 1 doesn't exist in loadedMaps. Reading snapshot file and delta files if needed...Note that this is normal for the first batch of starting query.
26/10/06 18:16:36 WARN HDFSBackedStateStoreProvider StateStoreProviderId[ storeId=StateStoreId[ operatorId=0, partitionId=8, storeName=default ], queryRunId=cbf325e7-2278-43a6-b05a-3992b0d74ba7 ]: The state for version 1 doesn't exist in loadedMaps. Reading snapshot file and delta files if needed...Note that this is normal for the first batch of starting query.
26/10/06 18:16:36 WARN HDFSBackedStateStoreProvider StateStoreProviderId[ storeId=StateStoreId[ operatorId=0, partitionId=2, storeName=default ], queryRunId=cbf325e7-2278-43a6-b05a-3992b0d74ba7 ]: The state for version 1 doesn't exist in loadedMaps. Reading snapshot file and delta files if needed...Note that this is normal for the first batch of starting query.
26/10/06 18:16:36 WARN HDFSBackedStateStoreProvider StateStoreProviderId[ storeId=StateStoreId[ operatorId=0, partitionId=7, storeName=default ], queryRunId=cbf325e7-2278-43a6-b05a-3992b0d74ba7 ]: The state for version 1 doesn't exist in loadedMaps. Reading snapshot file and delta files if needed...Note that this is normal for the first batch of starting query.
26/10/06 18:16:36 WARN HDFSBackedStateStoreProvider StateStoreProviderId[ storeId=StateStoreId[ operatorId=0, partitionId=3, storeName=default ], queryRunId=cbf325e7-2278-43a6-b05a-3992b0d74ba7 ]: The state for version 1 doesn't exist in loadedMaps. Reading snapshot file and delta files if needed...Note that this is normal for the first batch of starting query.
26/10/06 18:16:36 WARN HDFSBackedStateStoreProvider StateStoreProviderId[ storeId=StateStoreId[ operatorId=0, partitionId=6, storeName=default ], queryRunId=cbf325e7-2278-43a6-b05a-3992b0d74ba7 ]: The state for version 1 doesn't exist in loadedMaps. Reading snapshot file and delta files if needed...Note that this is normal for the first batch of starting query.
26/10/06 18:16:36 WARN HDFSBackedStateStoreProvider StateStoreProviderId[ storeId=StateStoreId[ operatorId=0, partitionId=1, storeName=default ], queryRunId=cbf325e7-2278-43a6-b05a-3992b0d74ba7 ]: The state for version 1 doesn't exist in loadedMaps. Reading snapshot file and delta files if needed...Note that this is normal for the first batch of starting query.
26/10/06 18:16:37 WARN HDFSBackedStateStoreProvider StateStoreProviderId[ storeId=StateStoreId[ operatorId=0, partitionId=9, storeName=default ], queryRunId=cbf325e7-2278-43a6-b05a-3992b0d74ba7 ]: The state for version 1 doesn't exist in loadedMaps. Reading snapshot file and delta files if needed...Note that this is normal for the first batch of starting query.
26/10/06 18:16:37 WARN HDFSBackedStateStoreProvider StateStoreProviderId[ storeId=StateStoreId[ operatorId=0, partitionId=10, storeName=default ], queryRunId=cbf325e7-2278-43a6-b05a-3992b0d74ba7 ]: The state for version 1 doesn't exist in loadedMaps. Reading snapshot file and delta files if needed...Note that this is normal for the first batch of starting query.
26/10/06 18:16:37 WARN HDFSBackedStateStoreProvider StateStoreProviderId[ storeId=StateStoreId[ operatorId=0, partitionId=13, storeName=default ], queryRunId=cbf325e7-2278-43a6-b05a-3992b0d74ba7 ]: The state for version 1 doesn't exist in loadedMaps. Reading snapshot file and delta files if needed...Note that this is normal for the first batch of starting query.
26/10/06 18:16:37 WARN HDFSBackedStateStoreProvider StateStoreProviderId[ storeId=StateStoreId[ operatorId=0, partitionId=11, storeName=default ], queryRunId=cbf325e7-2278-43a6-b05a-3992b0d74ba7 ]: The state for version 1 doesn't exist in loadedMaps. Reading snapshot file and delta files if needed...Note that this is normal for the first batch of starting query.
26/10/06 18:16:37 WARN HDFSBackedStateStoreProvider StateStoreProviderId[ storeId=StateStoreId[ operatorId=0, partitionId=12, storeName=default ], queryRunId=cbf325e7-2278-43a6-b05a-3992b0d74ba7 ]: The state for version 1 doesn't exist in loadedMaps. Reading snapshot file and delta files if needed...Note that this is normal for the first batch of starting query.
26/10/06 18:16:37 WARN HDFSBackedStateStoreProvider StateStoreProviderId[ storeId=StateStoreId[ operatorId=0, partitionId=16, storeName=default ], queryRunId=cbf325e7-2278-43a6-b05a-3992b0d74ba7 ]: The state for version 1 doesn't exist in loadedMaps. Reading snapshot file and delta files if needed...Note that this is normal for the first batch of starting query.
26/10/06 18:16:37 WARN HDFSBackedStateStoreProvider StateStoreProviderId[ storeId=StateStoreId[ operatorId=0, partitionId=15, storeName=default ], queryRunId=cbf325e7-2278-43a6-b05a-3992b0d74ba7 ]: The state for version 1 doesn't exist in loadedMaps. Reading snapshot file and delta files if needed...Note that this is normal for the first batch of starting query.
26/10/06 18:16:37 WARN HDFSBackedStateStoreProvider StateStoreProviderId[ storeId=StateStoreId[ operatorId=0, partitionId=14, storeName=default ], queryRunId=cbf325e7-2278-43a6-b05a-3992b0d74ba7 ]: The state for version 1 doesn't exist in loadedMaps. Reading snapshot file and delta files if needed...Note that this is normal for the first batch of starting query.
26/10/06 18:16:37 WARN HDFSBackedStateStoreProvider StateStoreProviderId[ storeId=StateStoreId[ operatorId=0, partitionId=19, storeName=default ], queryRunId=cbf325e7-2278-43a6-b05a-3992b0d74ba7 ]: The state for version 1 doesn't exist in loadedMaps. Reading snapshot file and delta files if needed...Note that this is normal for the first batch of starting query.
26/10/06 18:16:37 WARN HDFSBackedStateStoreProvider StateStoreProviderId[ storeId=StateStoreId[ operatorId=0, partitionId=17, storeName=default ], queryRunId=cbf325e7-2278-43a6-b05a-3992b0d74ba7 ]: The state for version 1 doesn't exist in loadedMaps. Reading snapshot file and delta files if needed...Note that this is normal for the first batch of starting query.
26/10/06 18:16:37 WARN HDFSBackedStateStoreProvider StateStoreProviderId[ storeId=StateStoreId[ operatorId=0, partitionId=21, storeName=default ], queryRunId=cbf325e7-2278-43a6-b05a-3992b0d74ba7 ]: The state for version 1 doesn't exist in loadedMaps. Reading snapshot file and delta files if needed...Note that this is normal for the first batch of starting query.
26/10/06 18:16:37 WARN HDFSBackedStateStoreProvider StateStoreProviderId[ storeId=StateStoreId[ operatorId=0, partitionId=22, storeName=default ], queryRunId=cbf325e7-2278-43a6-b05a-3992b0d74ba7 ]: The state for version 1 doesn't exist in loadedMaps. Reading snapshot file and delta files if needed...Note that this is normal for the first batch of starting query.
26/10/06 18:16:37 WARN HDFSBackedStateStoreProvider StateStoreProviderId[ storeId=StateStoreId[ operatorId=0, partitionId=20, storeName=default ], queryRunId=cbf325e7-2278-43a6-b05a-3992b0d74ba7 ]: The state for version 1 doesn't exist in loadedMaps. Reading snapshot file and delta files if needed...Note that this is normal for the first batch of starting query.
26/10/06 18:16:37 WARN HDFSBackedStateStoreProvider StateStoreProviderId[ storeId=StateStoreId[ operatorId=0, partitionId=23, storeName=default ], queryRunId=cbf325e7-2278-43a6-b05a-3992b0d74ba7 ]: The state for version 1 doesn't exist in loadedMaps. Reading snapshot file and delta files if needed...Note that this is normal for the first batch of starting query.
26/10/06 18:16:37 WARN HDFSBackedStateStoreProvider StateStoreProviderId[ storeId=StateStoreId[ operatorId=0, partitionId=24, storeName=default ], queryRunId=cbf325e7-2278-43a6-b05a-3992b0d74ba7 ]: The state for version 1 doesn't exist in loadedMaps. Reading snapshot file and delta files if needed...Note that this is normal for the first batch of starting query.
26/10/06 18:16:37 WARN HDFSBackedStateStoreProvider StateStoreProviderId[ storeId=StateStoreId[ operatorId=0, partitionId=25, storeName=default ], queryRunId=cbf325e7-2278-43a6-b05a-3992b0d74ba7 ]: The state for version 1 doesn't exist in loadedMaps. Reading snapshot file and delta files if needed...Note that this is normal for the first batch of starting query.
26/10/06 18:16:37 WARN HDFSBackedStateStoreProvider StateStoreProviderId[ storeId=StateStoreId[ operatorId=0, partitionId=26, storeName=default ], queryRunId=cbf325e7-2278-43a6-b05a-3992b0d74ba7 ]: The state for version 1 doesn't exist in loadedMaps. Reading snapshot file and delta files if needed...Note that this is normal for the first batch of starting query.
26/10/06 18:16:37 WARN HDFSBackedStateStoreProvider StateStoreProviderId[ storeId=StateStoreId[ operatorId=0, partitionId=27, storeName=default ], queryRunId=cbf325e7-2278-43a6-b05a-3992b0d74ba7 ]: The state for version 1 doesn't exist in loadedMaps. Reading snapshot file and delta files if needed...Note that this is normal for the first batch of starting query.
26/10/06 18:16:37 WARN HDFSBackedStateStoreProvider StateStoreProviderId[ storeId=StateStoreId[ operatorId=0, partitionId=28, storeName=default ], queryRunId=cbf325e7-2278-43a6-b05a-3992b0d74ba7 ]: The state for version 1 doesn't exist in loadedMaps. Reading snapshot file and delta files if needed...Note that this is normal for the first batch of starting query.
26/10/06 18:16:37 WARN HDFSBackedStateStoreProvider StateStoreProviderId[ storeId=StateStoreId[ operatorId=0, partitionId=29, storeName=default ], queryRunId=cbf325e7-2278-43a6-b05a-3992b0d74ba7 ]: The state for version 1 doesn't exist in loadedMaps. Reading snapshot file and delta files if needed...Note that this is normal for the first batch of starting query.
26/10/06 18:16:37 WARN HDFSBackedStateStoreProvider StateStoreProviderId[ storeId=StateStoreId[ operatorId=0, partitionId=31, storeName=default ], queryRunId=cbf325e7-2278-43a6-b05a-3992b0d74ba7 ]: The state for version 1 doesn't exist in loadedMaps. Reading snapshot file and delta files if needed...Note that this is normal for the first batch of starting query.
26/10/06 18:16:37 WARN HDFSBackedStateStoreProvider StateStoreProviderId[ storeId=StateStoreId[ operatorId=0, partitionId=30, storeName=default ], queryRunId=cbf325e7-2278-43a6-b05a-3992b0d74ba7 ]: The state for version 1 doesn't exist in loadedMaps. Reading snapshot file and delta files if needed...Note that this is normal for the first batch of starting query.
26/10/06 18:16:37 WARN HDFSBackedStateStoreProvider StateStoreProviderId[ storeId=StateStoreId[ operatorId=0, partitionId=32, storeName=default ], queryRunId=cbf325e7-2278-43a6-b05a-3992b0d74ba7 ]: The state for version 1 doesn't exist in loadedMaps. Reading snapshot file and delta files if needed...Note that this is normal for the first batch of starting query.
26/10/06 18:16:38 WARN HDFSBackedStateStoreProvider StateStoreProviderId[ storeId=StateStoreId[ operatorId=0, partitionId=33, storeName=default ], queryRunId=cbf325e7-2278-43a6-b05a-3992b0d74ba7 ]: The state for version 1 doesn't exist in loadedMaps. Reading snapshot file and delta files if needed...Note that this is normal for the first batch of starting query.
26/10/06 18:16:38 WARN HDFSBackedStateStoreProvider StateStoreProviderId[ storeId=StateStoreId[ operatorId=0, partitionId=34, storeName=default ], queryRunId=cbf325e7-2278-43a6-b05a-3992b0d74ba7 ]: The state for version 1 doesn't exist in loadedMaps. Reading snapshot file and delta files if needed...Note that this is normal for the first batch of starting query.
26/10/06 18:16:38 WARN HDFSBackedStateStoreProvider StateStoreProviderId[ storeId=StateStoreId[ operatorId=0, partitionId=35, storeName=default ], queryRunId=cbf325e7-2278-43a6-b05a-3992b0d74ba7 ]: The state for version 1 doesn't exist in loadedMaps. Reading snapshot file and delta files if needed...Note that this is normal for the first batch of starting query.
26/10/06 18:16:38 WARN HDFSBackedStateStoreProvider StateStoreProviderId[ storeId=StateStoreId[ operatorId=0, partitionId=36, storeName=default ], queryRunId=cbf325e7-2278-43a6-b05a-3992b0d74ba7 ]: The state for version 1 doesn't exist in loadedMaps. Reading snapshot file and delta files if needed...Note that this is normal for the first batch of starting query.
26/10/06 18:16:38 WARN HDFSBackedStateStoreProvider StateStoreProviderId[ storeId=StateStoreId[ operatorId=0, partitionId=38, storeName=default ], queryRunId=cbf325e7-2278-43a6-b05a-3992b0d74ba7 ]: The state for version 1 doesn't exist in loadedMaps. Reading snapshot file and delta files if needed...Note that this is normal for the first batch of starting query.
26/10/06 18:16:38 WARN HDFSBackedStateStoreProvider StateStoreProviderId[ storeId=StateStoreId[ operatorId=0, partitionId=39, storeName=default ], queryRunId=cbf325e7-2278-43a6-b05a-3992b0d74ba7 ]: The state for version 1 doesn't exist in loadedMaps. Reading snapshot file and delta files if needed...Note that this is normal for the first batch of starting query.
26/10/06 18:16:38 WARN HDFSBackedStateStoreProvider StateStoreProviderId[ storeId=StateStoreId[ operatorId=0, partitionId=40, storeName=default ], queryRunId=cbf325e7-2278-43a6-b05a-3992b0d74ba7 ]: The state for version 1 doesn't exist in loadedMaps. Reading snapshot file and delta files if needed...Note that this is normal for the first batch of starting query.
26/10/06 18:16:38 WARN HDFSBackedStateStoreProvider StateStoreProviderId[ storeId=StateStoreId[ operatorId=0, partitionId=37, storeName=default ], queryRunId=cbf325e7-2278-43a6-b05a-3992b0d74ba7 ]: The state for version 1 doesn't exist in loadedMaps. Reading snapshot file and delta files if needed...Note that this is normal for the first batch of starting query.
26/10/06 18:16:38 WARN HDFSBackedStateStoreProvider StateStoreProviderId[ storeId=StateStoreId[ operatorId=0, partitionId=44, storeName=default ], queryRunId=cbf325e7-2278-43a6-b05a-3992b0d74ba7 ]: The state for version 1 doesn't exist in loadedMaps. Reading snapshot file and delta files if needed...Note that this is normal for the first batch of starting query.
26/10/06 18:16:38 WARN HDFSBackedStateStoreProvider StateStoreProviderId[ storeId=StateStoreId[ operatorId=0, partitionId=43, storeName=default ], queryRunId=cbf325e7-2278-43a6-b05a-3992b0d74ba7 ]: The state for version 1 doesn't exist in loadedMaps. Reading snapshot file and delta files if needed...Note that this is normal for the first batch of starting query.
26/10/06 18:16:38 WARN HDFSBackedStateStoreProvider StateStoreProviderId[ storeId=StateStoreId[ operatorId=0, partitionId=41, storeName=default ], queryRunId=cbf325e7-2278-43a6-b05a-3992b0d74ba7 ]: The state for version 1 doesn't exist in loadedMaps. Reading snapshot file and delta files if needed...Note that this is normal for the first batch of starting query.
26/10/06 18:16:38 WARN HDFSBackedStateStoreProvider StateStoreProviderId[ storeId=StateStoreId[ operatorId=0, partitionId=45, storeName=default ], queryRunId=cbf325e7-2278-43a6-b05a-3992b0d74ba7 ]: The state for version 1 doesn't exist in loadedMaps. Reading snapshot file and delta files if needed...Note that this is normal for the first batch of starting query.
26/10/06 18:16:38 WARN HDFSBackedStateStoreProvider StateStoreProviderId[ storeId=StateStoreId[ operatorId=0, partitionId=42, storeName=default ], queryRunId=cbf325e7-2278-43a6-b05a-3992b0d74ba7 ]: The state for version 1 doesn't exist in loadedMaps. Reading snapshot file and delta files if needed...Note that this is normal for the first batch of starting query.
26/10/06 18:16:38 WARN HDFSBackedStateStoreProvider StateStoreProviderId[ storeId=StateStoreId[ operatorId=0, partitionId=46, storeName=default ], queryRunId=cbf325e7-2278-43a6-b05a-3992b0d74ba7 ]: The state for version 1 doesn't exist in loadedMaps. Reading snapshot file and delta files if needed...Note that this is normal for the first batch of starting query.
26/10/06 18:16:38 WARN HDFSBackedStateStoreProvider StateStoreProviderId[ storeId=StateStoreId[ operatorId=0, partitionId=47, storeName=default ], queryRunId=cbf325e7-2278-43a6-b05a-3992b0d74ba7 ]: The state for version 1 doesn't exist in loadedMaps. Reading snapshot file and delta files if needed...Note that this is normal for the first batch of starting query.
26/10/06 18:16:38 WARN HDFSBackedStateStoreProvider StateStoreProviderId[ storeId=StateStoreId[ operatorId=0, partitionId=49, storeName=default ], queryRunId=cbf325e7-2278-43a6-b05a-3992b0d74ba7 ]: The state for version 1 doesn't exist in loadedMaps. Reading snapshot file and delta files if needed...Note that this is normal for the first batch of starting query.
26/10/06 18:16:38 WARN HDFSBackedStateStoreProvider StateStoreProviderId[ storeId=StateStoreId[ operatorId=0, partitionId=48, storeName=default ], queryRunId=cbf325e7-2278-43a6-b05a-3992b0d74ba7 ]: The state for version 1 doesn't exist in loadedMaps. Reading snapshot file and delta files if needed...Note that this is normal for the first batch of starting query.
26/10/06 18:16:38 WARN HDFSBackedStateStoreProvider StateStoreProviderId[ storeId=StateStoreId[ operatorId=0, partitionId=51, storeName=default ], queryRunId=cbf325e7-2278-43a6-b05a-3992b0d74ba7 ]: The state for version 1 doesn't exist in loadedMaps. Reading snapshot file and delta files if needed...Note that this is normal for the first batch of starting query.
26/10/06 18:16:38 WARN HDFSBackedStateStoreProvider StateStoreProviderId[ storeId=StateStoreId[ operatorId=0, partitionId=50, storeName=default ], queryRunId=cbf325e7-2278-43a6-b05a-3992b0d74ba7 ]: The state for version 1 doesn't exist in loadedMaps. Reading snapshot file and delta files if needed...Note that this is normal for the first batch of starting query.
26/10/06 18:16:38 WARN HDFSBackedStateStoreProvider StateStoreProviderId[ storeId=StateStoreId[ operatorId=0, partitionId=52, storeName=default ], queryRunId=cbf325e7-2278-43a6-b05a-3992b0d74ba7 ]: The state for version 1 doesn't exist in loadedMaps. Reading snapshot file and delta files if needed...Note that this is normal for the first batch of starting query.
26/10/06 18:16:38 WARN HDFSBackedStateStoreProvider StateStoreProviderId[ storeId=StateStoreId[ operatorId=0, partitionId=53, storeName=default ], queryRunId=cbf325e7-2278-43a6-b05a-3992b0d74ba7 ]: The state for version 1 doesn't exist in loadedMaps. Reading snapshot file and delta files if needed...Note that this is normal for the first batch of starting query.
26/10/06 18:16:38 WARN HDFSBackedStateStoreProvider StateStoreProviderId[ storeId=StateStoreId[ operatorId=0, partitionId=54, storeName=default ], queryRunId=cbf325e7-2278-43a6-b05a-3992b0d74ba7 ]: The state for version 1 doesn't exist in loadedMaps. Reading snapshot file and delta files if needed...Note that this is normal for the first batch of starting query.
26/10/06 18:16:38 WARN HDFSBackedStateStoreProvider StateStoreProviderId[ storeId=StateStoreId[ operatorId=0, partitionId=55, storeName=default ], queryRunId=cbf325e7-2278-43a6-b05a-3992b0d74ba7 ]: The state for version 1 doesn't exist in loadedMaps. Reading snapshot file and delta files if needed...Note that this is normal for the first batch of starting query.
26/10/06 18:16:38 WARN HDFSBackedStateStoreProvider StateStoreProviderId[ storeId=StateStoreId[ operatorId=0, partitionId=56, storeName=default ], queryRunId=cbf325e7-2278-43a6-b05a-3992b0d74ba7 ]: The state for version 1 doesn't exist in loadedMaps. Reading snapshot file and delta files if needed...Note that this is normal for the first batch of starting query.
26/10/06 18:16:38 WARN HDFSBackedStateStoreProvider StateStoreProviderId[ storeId=StateStoreId[ operatorId=0, partitionId=57, storeName=default ], queryRunId=cbf325e7-2278-43a6-b05a-3992b0d74ba7 ]: The state for version 1 doesn't exist in loadedMaps. Reading snapshot file and delta files if needed...Note that this is normal for the first batch of starting query.
26/10/06 18:16:38 WARN HDFSBackedStateStoreProvider StateStoreProviderId[ storeId=StateStoreId[ operatorId=0, partitionId=58, storeName=default ], queryRunId=cbf325e7-2278-43a6-b05a-3992b0d74ba7 ]: The state for version 1 doesn't exist in loadedMaps. Reading snapshot file and delta files if needed...Note that this is normal for the first batch of starting query.
26/10/06 18:16:38 WARN HDFSBackedStateStoreProvider StateStoreProviderId[ storeId=StateStoreId[ operatorId=0, partitionId=59, storeName=default ], queryRunId=cbf325e7-2278-43a6-b05a-3992b0d74ba7 ]: The state for version 1 doesn't exist in loadedMaps. Reading snapshot file and delta files if needed...Note that this is normal for the first batch of starting query.
26/10/06 18:16:38 WARN HDFSBackedStateStoreProvider StateStoreProviderId[ storeId=StateStoreId[ operatorId=0, partitionId=61, storeName=default ], queryRunId=cbf325e7-2278-43a6-b05a-3992b0d74ba7 ]: The state for version 1 doesn't exist in loadedMaps. Reading snapshot file and delta files if needed...Note that this is normal for the first batch of starting query.
26/10/06 18:16:38 WARN HDFSBackedStateStoreProvider StateStoreProviderId[ storeId=StateStoreId[ operatorId=0, partitionId=60, storeName=default ], queryRunId=cbf325e7-2278-43a6-b05a-3992b0d74ba7 ]: The state for version 1 doesn't exist in loadedMaps. Reading snapshot file and delta files if needed...Note that this is normal for the first batch of starting query.
26/10/06 18:16:38 WARN HDFSBackedStateStoreProvider StateStoreProviderId[ storeId=StateStoreId[ operatorId=0, partitionId=62, storeName=default ], queryRunId=cbf325e7-2278-43a6-b05a-3992b0d74ba7 ]: The state for version 1 doesn't exist in loadedMaps. Reading snapshot file and delta files if needed...Note that this is normal for the first batch of starting query.
26/10/06 18:16:38 WARN HDFSBackedStateStoreProvider StateStoreProviderId[ storeId=StateStoreId[ operatorId=0, partitionId=63, storeName=default ], queryRunId=cbf325e7-2278-43a6-b05a-3992b0d74ba7 ]: The state for version 1 doesn't exist in loadedMaps. Reading snapshot file and delta files if needed...Note that this is normal for the first batch of starting query.
26/10/06 18:16:38 WARN HDFSBackedStateStoreProvider StateStoreProviderId[ storeId=StateStoreId[ operatorId=0, partitionId=64, storeName=default ], queryRunId=cbf325e7-2278-43a6-b05a-3992b0d74ba7 ]: The state for version 1 doesn't exist in loadedMaps. Reading snapshot file and delta files if needed...Note that this is normal for the first batch of starting query.
26/10/06 18:16:38 WARN HDFSBackedStateStoreProvider StateStoreProviderId[ storeId=StateStoreId[ operatorId=0, partitionId=66, storeName=default ], queryRunId=cbf325e7-2278-43a6-b05a-3992b0d74ba7 ]: The state for version 1 doesn't exist in loadedMaps. Reading snapshot file and delta files if needed...Note that this is normal for the first batch of starting query.
26/10/06 18:16:38 WARN HDFSBackedStateStoreProvider StateStoreProviderId[ storeId=StateStoreId[ operatorId=0, partitionId=65, storeName=default ], queryRunId=cbf325e7-2278-43a6-b05a-3992b0d74ba7 ]: The state for version 1 doesn't exist in loadedMaps. Reading snapshot file and delta files if needed...Note that this is normal for the first batch of starting query.
26/10/06 18:16:38 WARN HDFSBackedStateStoreProvider StateStoreProviderId[ storeId=StateStoreId[ operatorId=0, partitionId=67, storeName=default ], queryRunId=cbf325e7-2278-43a6-b05a-3992b0d74ba7 ]: The state for version 1 doesn't exist in loadedMaps. Reading snapshot file and delta files if needed...Note that this is normal for the first batch of starting query.
26/10/06 18:16:38 WARN HDFSBackedStateStoreProvider StateStoreProviderId[ storeId=StateStoreId[ operatorId=0, partitionId=69, storeName=default ], queryRunId=cbf325e7-2278-43a6-b05a-3992b0d74ba7 ]: The state for version 1 doesn't exist in loadedMaps. Reading snapshot file and delta files if needed...Note that this is normal for the first batch of starting query.
26/10/06 18:16:38 WARN HDFSBackedStateStoreProvider StateStoreProviderId[ storeId=StateStoreId[ operatorId=0, partitionId=68, storeName=default ], queryRunId=cbf325e7-2278-43a6-b05a-3992b0d74ba7 ]: The state for version 1 doesn't exist in loadedMaps. Reading snapshot file and delta files if needed...Note that this is normal for the first batch of starting query.
26/10/06 18:16:38 WARN HDFSBackedStateStoreProvider StateStoreProviderId[ storeId=StateStoreId[ operatorId=0, partitionId=70, storeName=default ], queryRunId=cbf325e7-2278-43a6-b05a-3992b0d74ba7 ]: The state for version 1 doesn't exist in loadedMaps. Reading snapshot file and delta files if needed...Note that this is normal for the first batch of starting query.
26/10/06 18:16:38 WARN HDFSBackedStateStoreProvider StateStoreProviderId[ storeId=StateStoreId[ operatorId=0, partitionId=71, storeName=default ], queryRunId=cbf325e7-2278-43a6-b05a-3992b0d74ba7 ]: The state for version 1 doesn't exist in loadedMaps. Reading snapshot file and delta files if needed...Note that this is normal for the first batch of starting query.
26/10/06 18:16:38 WARN HDFSBackedStateStoreProvider StateStoreProviderId[ storeId=StateStoreId[ operatorId=0, partitionId=72, storeName=default ], queryRunId=cbf325e7-2278-43a6-b05a-3992b0d74ba7 ]: The state for version 1 doesn't exist in loadedMaps. Reading snapshot file and delta files if needed...Note that this is normal for the first batch of starting query.
26/10/06 18:16:38 WARN HDFSBackedStateStoreProvider StateStoreProviderId[ storeId=StateStoreId[ operatorId=0, partitionId=73, storeName=default ], queryRunId=cbf325e7-2278-43a6-b05a-3992b0d74ba7 ]: The state for version 1 doesn't exist in loadedMaps. Reading snapshot file and delta files if needed...Note that this is normal for the first batch of starting query.
26/10/06 18:16:38 WARN HDFSBackedStateStoreProvider StateStoreProviderId[ storeId=StateStoreId[ operatorId=0, partitionId=74, storeName=default ], queryRunId=cbf325e7-2278-43a6-b05a-3992b0d74ba7 ]: The state for version 1 doesn't exist in loadedMaps. Reading snapshot file and delta files if needed...Note that this is normal for the first batch of starting query.
26/10/06 18:16:38 WARN HDFSBackedStateStoreProvider StateStoreProviderId[ storeId=StateStoreId[ operatorId=0, partitionId=75, storeName=default ], queryRunId=cbf325e7-2278-43a6-b05a-3992b0d74ba7 ]: The state for version 1 doesn't exist in loadedMaps. Reading snapshot file and delta files if needed...Note that this is normal for the first batch of starting query.
26/10/06 18:16:38 WARN HDFSBackedStateStoreProvider StateStoreProviderId[ storeId=StateStoreId[ operatorId=0, partitionId=76, storeName=default ], queryRunId=cbf325e7-2278-43a6-b05a-3992b0d74ba7 ]: The state for version 1 doesn't exist in loadedMaps. Reading snapshot file and delta files if needed...Note that this is normal for the first batch of starting query.
26/10/06 18:16:38 WARN HDFSBackedStateStoreProvider StateStoreProviderId[ storeId=StateStoreId[ operatorId=0, partitionId=77, storeName=default ], queryRunId=cbf325e7-2278-43a6-b05a-3992b0d74ba7 ]: The state for version 1 doesn't exist in loadedMaps. Reading snapshot file and delta files if needed...Note that this is normal for the first batch of starting query.
26/10/06 18:16:38 WARN HDFSBackedStateStoreProvider StateStoreProviderId[ storeId=StateStoreId[ operatorId=0, partitionId=78, storeName=default ], queryRunId=cbf325e7-2278-43a6-b05a-3992b0d74ba7 ]: The state for version 1 doesn't exist in loadedMaps. Reading snapshot file and delta files if needed...Note that this is normal for the first batch of starting query.
26/10/06 18:16:38 WARN HDFSBackedStateStoreProvider StateStoreProviderId[ storeId=StateStoreId[ operatorId=0, partitionId=79, storeName=default ], queryRunId=cbf325e7-2278-43a6-b05a-3992b0d74ba7 ]: The state for version 1 doesn't exist in loadedMaps. Reading snapshot file and delta files if needed...Note that this is normal for the first batch of starting query.
26/10/06 18:16:38 WARN HDFSBackedStateStoreProvider StateStoreProviderId[ storeId=StateStoreId[ operatorId=0, partitionId=81, storeName=default ], queryRunId=cbf325e7-2278-43a6-b05a-3992b0d74ba7 ]: The state for version 1 doesn't exist in loadedMaps. Reading snapshot file and delta files if needed...Note that this is normal for the first batch of starting query.
26/10/06 18:16:38 WARN HDFSBackedStateStoreProvider StateStoreProviderId[ storeId=StateStoreId[ operatorId=0, partitionId=80, storeName=default ], queryRunId=cbf325e7-2278-43a6-b05a-3992b0d74ba7 ]: The state for version 1 doesn't exist in loadedMaps. Reading snapshot file and delta files if needed...Note that this is normal for the first batch of starting query.
26/10/06 18:16:38 WARN HDFSBackedStateStoreProvider StateStoreProviderId[ storeId=StateStoreId[ operatorId=0, partitionId=83, storeName=default ], queryRunId=cbf325e7-2278-43a6-b05a-3992b0d74ba7 ]: The state for version 1 doesn't exist in loadedMaps. Reading snapshot file and delta files if needed...Note that this is normal for the first batch of starting query.
26/10/06 18:16:38 WARN HDFSBackedStateStoreProvider StateStoreProviderId[ storeId=StateStoreId[ operatorId=0, partitionId=85, storeName=default ], queryRunId=cbf325e7-2278-43a6-b05a-3992b0d74ba7 ]: The state for version 1 doesn't exist in loadedMaps. Reading snapshot file and delta files if needed...Note that this is normal for the first batch of starting query.
26/10/06 18:16:38 WARN HDFSBackedStateStoreProvider StateStoreProviderId[ storeId=StateStoreId[ operatorId=0, partitionId=82, storeName=default ], queryRunId=cbf325e7-2278-43a6-b05a-3992b0d74ba7 ]: The state for version 1 doesn't exist in loadedMaps. Reading snapshot file and delta files if needed...Note that this is normal for the first batch of starting query.
26/10/06 18:16:38 WARN HDFSBackedStateStoreProvider StateStoreProviderId[ storeId=StateStoreId[ operatorId=0, partitionId=84, storeName=default ], queryRunId=cbf325e7-2278-43a6-b05a-3992b0d74ba7 ]: The state for version 1 doesn't exist in loadedMaps. Reading snapshot file and delta files if needed...Note that this is normal for the first batch of starting query.
26/10/06 18:16:38 WARN HDFSBackedStateStoreProvider StateStoreProviderId[ storeId=StateStoreId[ operatorId=0, partitionId=86, storeName=default ], queryRunId=cbf325e7-2278-43a6-b05a-3992b0d74ba7 ]: The state for version 1 doesn't exist in loadedMaps. Reading snapshot file and delta files if needed...Note that this is normal for the first batch of starting query.
26/10/06 18:16:38 WARN HDFSBackedStateStoreProvider StateStoreProviderId[ storeId=StateStoreId[ operatorId=0, partitionId=87, storeName=default ], queryRunId=cbf325e7-2278-43a6-b05a-3992b0d74ba7 ]: The state for version 1 doesn't exist in loadedMaps. Reading snapshot file and delta files if needed...Note that this is normal for the first batch of starting query.
26/10/06 18:16:38 WARN HDFSBackedStateStoreProvider StateStoreProviderId[ storeId=StateStoreId[ operatorId=0, partitionId=89, storeName=default ], queryRunId=cbf325e7-2278-43a6-b05a-3992b0d74ba7 ]: The state for version 1 doesn't exist in loadedMaps. Reading snapshot file and delta files if needed...Note that this is normal for the first batch of starting query.
26/10/06 18:16:38 WARN HDFSBackedStateStoreProvider StateStoreProviderId[ storeId=StateStoreId[ operatorId=0, partitionId=90, storeName=default ], queryRunId=cbf325e7-2278-43a6-b05a-3992b0d74ba7 ]: The state for version 1 doesn't exist in loadedMaps. Reading snapshot file and delta files if needed...Note that this is normal for the first batch of starting query.
26/10/06 18:16:38 WARN HDFSBackedStateStoreProvider StateStoreProviderId[ storeId=StateStoreId[ operatorId=0, partitionId=88, storeName=default ], queryRunId=cbf325e7-2278-43a6-b05a-3992b0d74ba7 ]: The state for version 1 doesn't exist in loadedMaps. Reading snapshot file and delta files if needed...Note that this is normal for the first batch of starting query.
26/10/06 18:16:38 WARN HDFSBackedStateStoreProvider StateStoreProviderId[ storeId=StateStoreId[ operatorId=0, partitionId=91, storeName=default ], queryRunId=cbf325e7-2278-43a6-b05a-3992b0d74ba7 ]: The state for version 1 doesn't exist in loadedMaps. Reading snapshot file and delta files if needed...Note that this is normal for the first batch of starting query.
26/10/06 18:16:38 WARN HDFSBackedStateStoreProvider StateStoreProviderId[ storeId=StateStoreId[ operatorId=0, partitionId=92, storeName=default ], queryRunId=cbf325e7-2278-43a6-b05a-3992b0d74ba7 ]: The state for version 1 doesn't exist in loadedMaps. Reading snapshot file and delta files if needed...Note that this is normal for the first batch of starting query.
26/10/06 18:16:38 WARN HDFSBackedStateStoreProvider StateStoreProviderId[ storeId=StateStoreId[ operatorId=0, partitionId=93, storeName=default ], queryRunId=cbf325e7-2278-43a6-b05a-3992b0d74ba7 ]: The state for version 1 doesn't exist in loadedMaps. Reading snapshot file and delta files if needed...Note that this is normal for the first batch of starting query.
26/10/06 18:16:38 WARN HDFSBackedStateStoreProvider StateStoreProviderId[ storeId=StateStoreId[ operatorId=0, partitionId=95, storeName=default ], queryRunId=cbf325e7-2278-43a6-b05a-3992b0d74ba7 ]: The state for version 1 doesn't exist in loadedMaps. Reading snapshot file and delta files if needed...Note that this is normal for the first batch of starting query.
26/10/06 18:16:38 WARN HDFSBackedStateStoreProvider StateStoreProviderId[ storeId=StateStoreId[ operatorId=0, partitionId=96, storeName=default ], queryRunId=cbf325e7-2278-43a6-b05a-3992b0d74ba7 ]: The state for version 1 doesn't exist in loadedMaps. Reading snapshot file and delta files if needed...Note that this is normal for the first batch of starting query.
26/10/06 18:16:38 WARN HDFSBackedStateStoreProvider StateStoreProviderId[ storeId=StateStoreId[ operatorId=0, partitionId=94, storeName=default ], queryRunId=cbf325e7-2278-43a6-b05a-3992b0d74ba7 ]: The state for version 1 doesn't exist in loadedMaps. Reading snapshot file and delta files if needed...Note that this is normal for the first batch of starting query.
26/10/06 18:16:38 WARN HDFSBackedStateStoreProvider StateStoreProviderId[ storeId=StateStoreId[ operatorId=0, partitionId=97, storeName=default ], queryRunId=cbf325e7-2278-43a6-b05a-3992b0d74ba7 ]: The state for version 1 doesn't exist in loadedMaps. Reading snapshot file and delta files if needed...Note that this is normal for the first batch of starting query.
26/10/06 18:16:38 WARN HDFSBackedStateStoreProvider StateStoreProviderId[ storeId=StateStoreId[ operatorId=0, partitionId=98, storeName=default ], queryRunId=cbf325e7-2278-43a6-b05a-3992b0d74ba7 ]: The state for version 1 doesn't exist in loadedMaps. Reading snapshot file and delta files if needed...Note that this is normal for the first batch of starting query.
26/10/06 18:16:38 WARN HDFSBackedStateStoreProvider StateStoreProviderId[ storeId=StateStoreId[ operatorId=0, partitionId=99, storeName=default ], queryRunId=cbf325e7-2278-43a6-b05a-3992b0d74ba7 ]: The state for version 1 doesn't exist in loadedMaps. Reading snapshot file and delta files if needed...Note that this is normal for the first batch of starting query.
26/10/06 18:16:38 WARN HDFSBackedStateStoreProvider StateStoreProviderId[ storeId=StateStoreId[ operatorId=0, partitionId=100, storeName=default ], queryRunId=cbf325e7-2278-43a6-b05a-3992b0d74ba7 ]: The state for version 1 doesn't exist in loadedMaps. Reading snapshot file and delta files if needed...Note that this is normal for the first batch of starting query.
26/10/06 18:16:38 WARN HDFSBackedStateStoreProvider StateStoreProviderId[ storeId=StateStoreId[ operatorId=0, partitionId=101, storeName=default ], queryRunId=cbf325e7-2278-43a6-b05a-3992b0d74ba7 ]: The state for version 1 doesn't exist in loadedMaps. Reading snapshot file and delta files if needed...Note that this is normal for the first batch of starting query.
26/10/06 18:16:38 WARN HDFSBackedStateStoreProvider StateStoreProviderId[ storeId=StateStoreId[ operatorId=0, partitionId=102, storeName=default ], queryRunId=cbf325e7-2278-43a6-b05a-3992b0d74ba7 ]: The state for version 1 doesn't exist in loadedMaps. Reading snapshot file and delta files if needed...Note that this is normal for the first batch of starting query.
26/10/06 18:16:38 WARN HDFSBackedStateStoreProvider StateStoreProviderId[ storeId=StateStoreId[ operatorId=0, partitionId=103, storeName=default ], queryRunId=cbf325e7-2278-43a6-b05a-3992b0d74ba7 ]: The state for version 1 doesn't exist in loadedMaps. Reading snapshot file and delta files if needed...Note that this is normal for the first batch of starting query.
26/10/06 18:16:38 WARN HDFSBackedStateStoreProvider StateStoreProviderId[ storeId=StateStoreId[ operatorId=0, partitionId=107, storeName=default ], queryRunId=cbf325e7-2278-43a6-b05a-3992b0d74ba7 ]: The state for version 1 doesn't exist in loadedMaps. Reading snapshot file and delta files if needed...Note that this is normal for the first batch of starting query.
26/10/06 18:16:38 WARN HDFSBackedStateStoreProvider StateStoreProviderId[ storeId=StateStoreId[ operatorId=0, partitionId=105, storeName=default ], queryRunId=cbf325e7-2278-43a6-b05a-3992b0d74ba7 ]: The state for version 1 doesn't exist in loadedMaps. Reading snapshot file and delta files if needed...Note that this is normal for the first batch of starting query.
26/10/06 18:16:39 WARN HDFSBackedStateStoreProvider StateStoreProviderId[ storeId=StateStoreId[ operatorId=0, partitionId=112, storeName=default ], queryRunId=cbf325e7-2278-43a6-b05a-3992b0d74ba7 ]: The state for version 1 doesn't exist in loadedMaps. Reading snapshot file and delta files if needed...Note that this is normal for the first batch of starting query.
26/10/06 18:16:39 WARN HDFSBackedStateStoreProvider StateStoreProviderId[ storeId=StateStoreId[ operatorId=0, partitionId=111, storeName=default ], queryRunId=cbf325e7-2278-43a6-b05a-3992b0d74ba7 ]: The state for version 1 doesn't exist in loadedMaps. Reading snapshot file and delta files if needed...Note that this is normal for the first batch of starting query.
26/10/06 18:16:39 WARN HDFSBackedStateStoreProvider StateStoreProviderId[ storeId=StateStoreId[ operatorId=0, partitionId=108, storeName=default ], queryRunId=cbf325e7-2278-43a6-b05a-3992b0d74ba7 ]: The state for version 1 doesn't exist in loadedMaps. Reading snapshot file and delta files if needed...Note that this is normal for the first batch of starting query.
26/10/06 18:16:39 WARN HDFSBackedStateStoreProvider StateStoreProviderId[ storeId=StateStoreId[ operatorId=0, partitionId=106, storeName=default ], queryRunId=cbf325e7-2278-43a6-b05a-3992b0d74ba7 ]: The state for version 1 doesn't exist in loadedMaps. Reading snapshot file and delta files if needed...Note that this is normal for the first batch of starting query.
26/10/06 18:16:39 WARN HDFSBackedStateStoreProvider StateStoreProviderId[ storeId=StateStoreId[ operatorId=0, partitionId=110, storeName=default ], queryRunId=cbf325e7-2278-43a6-b05a-3992b0d74ba7 ]: The state for version 1 doesn't exist in loadedMaps. Reading snapshot file and delta files if needed...Note that this is normal for the first batch of starting query.
26/10/06 18:16:39 WARN HDFSBackedStateStoreProvider StateStoreProviderId[ storeId=StateStoreId[ operatorId=0, partitionId=109, storeName=default ], queryRunId=cbf325e7-2278-43a6-b05a-3992b0d74ba7 ]: The state for version 1 doesn't exist in loadedMaps. Reading snapshot file and delta files if needed...Note that this is normal for the first batch of starting query.
26/10/06 18:16:39 WARN HDFSBackedStateStoreProvider StateStoreProviderId[ storeId=StateStoreId[ operatorId=0, partitionId=104, storeName=default ], queryRunId=cbf325e7-2278-43a6-b05a-3992b0d74ba7 ]: The state for version 1 doesn't exist in loadedMaps. Reading snapshot file and delta files if needed...Note that this is normal for the first batch of starting query.
26/10/06 18:16:39 WARN HDFSBackedStateStoreProvider StateStoreProviderId[ storeId=StateStoreId[ operatorId=0, partitionId=113, storeName=default ], queryRunId=cbf325e7-2278-43a6-b05a-3992b0d74ba7 ]: The state for version 1 doesn't exist in loadedMaps. Reading snapshot file and delta files if needed...Note that this is normal for the first batch of starting query.
26/10/06 18:16:39 WARN HDFSBackedStateStoreProvider StateStoreProviderId[ storeId=StateStoreId[ operatorId=0, partitionId=114, storeName=default ], queryRunId=cbf325e7-2278-43a6-b05a-3992b0d74ba7 ]: The state for version 1 doesn't exist in loadedMaps. Reading snapshot file and delta files if needed...Note that this is normal for the first batch of starting query.
26/10/06 18:16:39 WARN HDFSBackedStateStoreProvider StateStoreProviderId[ storeId=StateStoreId[ operatorId=0, partitionId=117, storeName=default ], queryRunId=cbf325e7-2278-43a6-b05a-3992b0d74ba7 ]: The state for version 1 doesn't exist in loadedMaps. Reading snapshot file and delta files if needed...Note that this is normal for the first batch of starting query.
26/10/06 18:16:39 WARN HDFSBackedStateStoreProvider StateStoreProviderId[ storeId=StateStoreId[ operatorId=0, partitionId=115, storeName=default ], queryRunId=cbf325e7-2278-43a6-b05a-3992b0d74ba7 ]: The state for version 1 doesn't exist in loadedMaps. Reading snapshot file and delta files if needed...Note that this is normal for the first batch of starting query.
26/10/06 18:16:39 WARN HDFSBackedStateStoreProvider StateStoreProviderId[ storeId=StateStoreId[ operatorId=0, partitionId=116, storeName=default ], queryRunId=cbf325e7-2278-43a6-b05a-3992b0d74ba7 ]: The state for version 1 doesn't exist in loadedMaps. Reading snapshot file and delta files if needed...Note that this is normal for the first batch of starting query.
26/10/06 18:16:39 WARN HDFSBackedStateStoreProvider StateStoreProviderId[ storeId=StateStoreId[ operatorId=0, partitionId=118, storeName=default ], queryRunId=cbf325e7-2278-43a6-b05a-3992b0d74ba7 ]: The state for version 1 doesn't exist in loadedMaps. Reading snapshot file and delta files if needed...Note that this is normal for the first batch of starting query.
26/10/06 18:16:39 WARN HDFSBackedStateStoreProvider StateStoreProviderId[ storeId=StateStoreId[ operatorId=0, partitionId=119, storeName=default ], queryRunId=cbf325e7-2278-43a6-b05a-3992b0d74ba7 ]: The state for version 1 doesn't exist in loadedMaps. Reading snapshot file and delta files if needed...Note that this is normal for the first batch of starting query.
26/10/06 18:16:39 WARN HDFSBackedStateStoreProvider StateStoreProviderId[ storeId=StateStoreId[ operatorId=0, partitionId=120, storeName=default ], queryRunId=cbf325e7-2278-43a6-b05a-3992b0d74ba7 ]: The state for version 1 doesn't exist in loadedMaps. Reading snapshot file and delta files if needed...Note that this is normal for the first batch of starting query.
26/10/06 18:16:39 WARN HDFSBackedStateStoreProvider StateStoreProviderId[ storeId=StateStoreId[ operatorId=0, partitionId=121, storeName=default ], queryRunId=cbf325e7-2278-43a6-b05a-3992b0d74ba7 ]: The state for version 1 doesn't exist in loadedMaps. Reading snapshot file and delta files if needed...Note that this is normal for the first batch of starting query.
26/10/06 18:16:39 WARN HDFSBackedStateStoreProvider StateStoreProviderId[ storeId=StateStoreId[ operatorId=0, partitionId=122, storeName=default ], queryRunId=cbf325e7-2278-43a6-b05a-3992b0d74ba7 ]: The state for version 1 doesn't exist in loadedMaps. Reading snapshot file and delta files if needed...Note that this is normal for the first batch of starting query.
26/10/06 18:16:39 WARN HDFSBackedStateStoreProvider StateStoreProviderId[ storeId=StateStoreId[ operatorId=0, partitionId=124, storeName=default ], queryRunId=cbf325e7-2278-43a6-b05a-3992b0d74ba7 ]: The state for version 1 doesn't exist in loadedMaps. Reading snapshot file and delta files if needed...Note that this is normal for the first batch of starting query.
26/10/06 18:16:39 WARN HDFSBackedStateStoreProvider StateStoreProviderId[ storeId=StateStoreId[ operatorId=0, partitionId=123, storeName=default ], queryRunId=cbf325e7-2278-43a6-b05a-3992b0d74ba7 ]: The state for version 1 doesn't exist in loadedMaps. Reading snapshot file and delta files if needed...Note that this is normal for the first batch of starting query.
26/10/06 18:16:39 WARN HDFSBackedStateStoreProvider StateStoreProviderId[ storeId=StateStoreId[ operatorId=0, partitionId=125, storeName=default ], queryRunId=cbf325e7-2278-43a6-b05a-3992b0d74ba7 ]: The state for version 1 doesn't exist in loadedMaps. Reading snapshot file and delta files if needed...Note that this is normal for the first batch of starting query.
26/10/06 18:16:39 WARN HDFSBackedStateStoreProvider StateStoreProviderId[ storeId=StateStoreId[ operatorId=0, partitionId=127, storeName=default ], queryRunId=cbf325e7-2278-43a6-b05a-3992b0d74ba7 ]: The state for version 1 doesn't exist in loadedMaps. Reading snapshot file and delta files if needed...Note that this is normal for the first batch of starting query.
26/10/06 18:16:39 WARN HDFSBackedStateStoreProvider StateStoreProviderId[ storeId=StateStoreId[ operatorId=0, partitionId=128, storeName=default ], queryRunId=cbf325e7-2278-43a6-b05a-3992b0d74ba7 ]: The state for version 1 doesn't exist in loadedMaps. Reading snapshot file and delta files if needed...Note that this is normal for the first batch of starting query.
26/10/06 18:16:39 WARN HDFSBackedStateStoreProvider StateStoreProviderId[ storeId=StateStoreId[ operatorId=0, partitionId=126, storeName=default ], queryRunId=cbf325e7-2278-43a6-b05a-3992b0d74ba7 ]: The state for version 1 doesn't exist in loadedMaps. Reading snapshot file and delta files if needed...Note that this is normal for the first batch of starting query.
26/10/06 18:16:39 WARN HDFSBackedStateStoreProvider StateStoreProviderId[ storeId=StateStoreId[ operatorId=0, partitionId=129, storeName=default ], queryRunId=cbf325e7-2278-43a6-b05a-3992b0d74ba7 ]: The state for version 1 doesn't exist in loadedMaps. Reading snapshot file and delta files if needed...Note that this is normal for the first batch of starting query.
26/10/06 18:16:39 WARN HDFSBackedStateStoreProvider StateStoreProviderId[ storeId=StateStoreId[ operatorId=0, partitionId=131, storeName=default ], queryRunId=cbf325e7-2278-43a6-b05a-3992b0d74ba7 ]: The state for version 1 doesn't exist in loadedMaps. Reading snapshot file and delta files if needed...Note that this is normal for the first batch of starting query.
26/10/06 18:16:39 WARN HDFSBackedStateStoreProvider StateStoreProviderId[ storeId=StateStoreId[ operatorId=0, partitionId=130, storeName=default ], queryRunId=cbf325e7-2278-43a6-b05a-3992b0d74ba7 ]: The state for version 1 doesn't exist in loadedMaps. Reading snapshot file and delta files if needed...Note that this is normal for the first batch of starting query.
26/10/06 18:16:39 WARN HDFSBackedStateStoreProvider StateStoreProviderId[ storeId=StateStoreId[ operatorId=0, partitionId=132, storeName=default ], queryRunId=cbf325e7-2278-43a6-b05a-3992b0d74ba7 ]: The state for version 1 doesn't exist in loadedMaps. Reading snapshot file and delta files if needed...Note that this is normal for the first batch of starting query.
26/10/06 18:16:39 WARN HDFSBackedStateStoreProvider StateStoreProviderId[ storeId=StateStoreId[ operatorId=0, partitionId=134, storeName=default ], queryRunId=cbf325e7-2278-43a6-b05a-3992b0d74ba7 ]: The state for version 1 doesn't exist in loadedMaps. Reading snapshot file and delta files if needed...Note that this is normal for the first batch of starting query.
26/10/06 18:16:39 WARN HDFSBackedStateStoreProvider StateStoreProviderId[ storeId=StateStoreId[ operatorId=0, partitionId=133, storeName=default ], queryRunId=cbf325e7-2278-43a6-b05a-3992b0d74ba7 ]: The state for version 1 doesn't exist in loadedMaps. Reading snapshot file and delta files if needed...Note that this is normal for the first batch of starting query.
26/10/06 18:16:39 WARN HDFSBackedStateStoreProvider StateStoreProviderId[ storeId=StateStoreId[ operatorId=0, partitionId=135, storeName=default ], queryRunId=cbf325e7-2278-43a6-b05a-3992b0d74ba7 ]: The state for version 1 doesn't exist in loadedMaps. Reading snapshot file and delta files if needed...Note that this is normal for the first batch of starting query.
26/10/06 18:16:39 WARN HDFSBackedStateStoreProvider StateStoreProviderId[ storeId=StateStoreId[ operatorId=0, partitionId=136, storeName=default ], queryRunId=cbf325e7-2278-43a6-b05a-3992b0d74ba7 ]: The state for version 1 doesn't exist in loadedMaps. Reading snapshot file and delta files if needed...Note that this is normal for the first batch of starting query.
26/10/06 18:16:39 WARN HDFSBackedStateStoreProvider StateStoreProviderId[ storeId=StateStoreId[ operatorId=0, partitionId=139, storeName=default ], queryRunId=cbf325e7-2278-43a6-b05a-3992b0d74ba7 ]: The state for version 1 doesn't exist in loadedMaps. Reading snapshot file and delta files if needed...Note that this is normal for the first batch of starting query.
26/10/06 18:16:39 WARN HDFSBackedStateStoreProvider StateStoreProviderId[ storeId=StateStoreId[ operatorId=0, partitionId=137, storeName=default ], queryRunId=cbf325e7-2278-43a6-b05a-3992b0d74ba7 ]: The state for version 1 doesn't exist in loadedMaps. Reading snapshot file and delta files if needed...Note that this is normal for the first batch of starting query.
26/10/06 18:16:39 WARN HDFSBackedStateStoreProvider StateStoreProviderId[ storeId=StateStoreId[ operatorId=0, partitionId=138, storeName=default ], queryRunId=cbf325e7-2278-43a6-b05a-3992b0d74ba7 ]: The state for version 1 doesn't exist in loadedMaps. Reading snapshot file and delta files if needed...Note that this is normal for the first batch of starting query.
26/10/06 18:16:39 WARN HDFSBackedStateStoreProvider StateStoreProviderId[ storeId=StateStoreId[ operatorId=0, partitionId=140, storeName=default ], queryRunId=cbf325e7-2278-43a6-b05a-3992b0d74ba7 ]: The state for version 1 doesn't exist in loadedMaps. Reading snapshot file and delta files if needed...Note that this is normal for the first batch of starting query.
26/10/06 18:16:39 WARN HDFSBackedStateStoreProvider StateStoreProviderId[ storeId=StateStoreId[ operatorId=0, partitionId=141, storeName=default ], queryRunId=cbf325e7-2278-43a6-b05a-3992b0d74ba7 ]: The state for version 1 doesn't exist in loadedMaps. Reading snapshot file and delta files if needed...Note that this is normal for the first batch of starting query.
26/10/06 18:16:39 WARN HDFSBackedStateStoreProvider StateStoreProviderId[ storeId=StateStoreId[ operatorId=0, partitionId=144, storeName=default ], queryRunId=cbf325e7-2278-43a6-b05a-3992b0d74ba7 ]: The state for version 1 doesn't exist in loadedMaps. Reading snapshot file and delta files if needed...Note that this is normal for the first batch of starting query.
26/10/06 18:16:39 WARN HDFSBackedStateStoreProvider StateStoreProviderId[ storeId=StateStoreId[ operatorId=0, partitionId=142, storeName=default ], queryRunId=cbf325e7-2278-43a6-b05a-3992b0d74ba7 ]: The state for version 1 doesn't exist in loadedMaps. Reading snapshot file and delta files if needed...Note that this is normal for the first batch of starting query.
26/10/06 18:16:39 WARN HDFSBackedStateStoreProvider StateStoreProviderId[ storeId=StateStoreId[ operatorId=0, partitionId=143, storeName=default ], queryRunId=cbf325e7-2278-43a6-b05a-3992b0d74ba7 ]: The state for version 1 doesn't exist in loadedMaps. Reading snapshot file and delta files if needed...Note that this is normal for the first batch of starting query.
26/10/06 18:16:39 WARN HDFSBackedStateStoreProvider StateStoreProviderId[ storeId=StateStoreId[ operatorId=0, partitionId=145, storeName=default ], queryRunId=cbf325e7-2278-43a6-b05a-3992b0d74ba7 ]: The state for version 1 doesn't exist in loadedMaps. Reading snapshot file and delta files if needed...Note that this is normal for the first batch of starting query.
26/10/06 18:16:39 WARN HDFSBackedStateStoreProvider StateStoreProviderId[ storeId=StateStoreId[ operatorId=0, partitionId=146, storeName=default ], queryRunId=cbf325e7-2278-43a6-b05a-3992b0d74ba7 ]: The state for version 1 doesn't exist in loadedMaps. Reading snapshot file and delta files if needed...Note that this is normal for the first batch of starting query.
26/10/06 18:16:39 WARN HDFSBackedStateStoreProvider StateStoreProviderId[ storeId=StateStoreId[ operatorId=0, partitionId=147, storeName=default ], queryRunId=cbf325e7-2278-43a6-b05a-3992b0d74ba7 ]: The state for version 1 doesn't exist in loadedMaps. Reading snapshot file and delta files if needed...Note that this is normal for the first batch of starting query.
26/10/06 18:16:39 WARN HDFSBackedStateStoreProvider StateStoreProviderId[ storeId=StateStoreId[ operatorId=0, partitionId=148, storeName=default ], queryRunId=cbf325e7-2278-43a6-b05a-3992b0d74ba7 ]: The state for version 1 doesn't exist in loadedMaps. Reading snapshot file and delta files if needed...Note that this is normal for the first batch of starting query.
26/10/06 18:16:39 WARN HDFSBackedStateStoreProvider StateStoreProviderId[ storeId=StateStoreId[ operatorId=0, partitionId=152, storeName=default ], queryRunId=cbf325e7-2278-43a6-b05a-3992b0d74ba7 ]: The state for version 1 doesn't exist in loadedMaps. Reading snapshot file and delta files if needed...Note that this is normal for the first batch of starting query.
26/10/06 18:16:39 WARN HDFSBackedStateStoreProvider StateStoreProviderId[ storeId=StateStoreId[ operatorId=0, partitionId=149, storeName=default ], queryRunId=cbf325e7-2278-43a6-b05a-3992b0d74ba7 ]: The state for version 1 doesn't exist in loadedMaps. Reading snapshot file and delta files if needed...Note that this is normal for the first batch of starting query.
26/10/06 18:16:39 WARN HDFSBackedStateStoreProvider StateStoreProviderId[ storeId=StateStoreId[ operatorId=0, partitionId=150, storeName=default ], queryRunId=cbf325e7-2278-43a6-b05a-3992b0d74ba7 ]: The state for version 1 doesn't exist in loadedMaps. Reading snapshot file and delta files if needed...Note that this is normal for the first batch of starting query.
26/10/06 18:16:39 WARN HDFSBackedStateStoreProvider StateStoreProviderId[ storeId=StateStoreId[ operatorId=0, partitionId=151, storeName=default ], queryRunId=cbf325e7-2278-43a6-b05a-3992b0d74ba7 ]: The state for version 1 doesn't exist in loadedMaps. Reading snapshot file and delta files if needed...Note that this is normal for the first batch of starting query.
26/10/06 18:16:39 WARN HDFSBackedStateStoreProvider StateStoreProviderId[ storeId=StateStoreId[ operatorId=0, partitionId=153, storeName=default ], queryRunId=cbf325e7-2278-43a6-b05a-3992b0d74ba7 ]: The state for version 1 doesn't exist in loadedMaps. Reading snapshot file and delta files if needed...Note that this is normal for the first batch of starting query.
26/10/06 18:16:39 WARN HDFSBackedStateStoreProvider StateStoreProviderId[ storeId=StateStoreId[ operatorId=0, partitionId=154, storeName=default ], queryRunId=cbf325e7-2278-43a6-b05a-3992b0d74ba7 ]: The state for version 1 doesn't exist in loadedMaps. Reading snapshot file and delta files if needed...Note that this is normal for the first batch of starting query.
26/10/06 18:16:39 WARN HDFSBackedStateStoreProvider StateStoreProviderId[ storeId=StateStoreId[ operatorId=0, partitionId=156, storeName=default ], queryRunId=cbf325e7-2278-43a6-b05a-3992b0d74ba7 ]: The state for version 1 doesn't exist in loadedMaps. Reading snapshot file and delta files if needed...Note that this is normal for the first batch of starting query.
26/10/06 18:16:39 WARN HDFSBackedStateStoreProvider StateStoreProviderId[ storeId=StateStoreId[ operatorId=0, partitionId=157, storeName=default ], queryRunId=cbf325e7-2278-43a6-b05a-3992b0d74ba7 ]: The state for version 1 doesn't exist in loadedMaps. Reading snapshot file and delta files if needed...Note that this is normal for the first batch of starting query.
26/10/06 18:16:39 WARN HDFSBackedStateStoreProvider StateStoreProviderId[ storeId=StateStoreId[ operatorId=0, partitionId=155, storeName=default ], queryRunId=cbf325e7-2278-43a6-b05a-3992b0d74ba7 ]: The state for version 1 doesn't exist in loadedMaps. Reading snapshot file and delta files if needed...Note that this is normal for the first batch of starting query.
26/10/06 18:16:39 WARN HDFSBackedStateStoreProvider StateStoreProviderId[ storeId=StateStoreId[ operatorId=0, partitionId=159, storeName=default ], queryRunId=cbf325e7-2278-43a6-b05a-3992b0d74ba7 ]: The state for version 1 doesn't exist in loadedMaps. Reading snapshot file and delta files if needed...Note that this is normal for the first batch of starting query.
26/10/06 18:16:39 WARN HDFSBackedStateStoreProvider StateStoreProviderId[ storeId=StateStoreId[ operatorId=0, partitionId=160, storeName=default ], queryRunId=cbf325e7-2278-43a6-b05a-3992b0d74ba7 ]: The state for version 1 doesn't exist in loadedMaps. Reading snapshot file and delta files if needed...Note that this is normal for the first batch of starting query.
26/10/06 18:16:39 WARN HDFSBackedStateStoreProvider StateStoreProviderId[ storeId=StateStoreId[ operatorId=0, partitionId=158, storeName=default ], queryRunId=cbf325e7-2278-43a6-b05a-3992b0d74ba7 ]: The state for version 1 doesn't exist in loadedMaps. Reading snapshot file and delta files if needed...Note that this is normal for the first batch of starting query.
26/10/06 18:16:39 WARN HDFSBackedStateStoreProvider StateStoreProviderId[ storeId=StateStoreId[ operatorId=0, partitionId=161, storeName=default ], queryRunId=cbf325e7-2278-43a6-b05a-3992b0d74ba7 ]: The state for version 1 doesn't exist in loadedMaps. Reading snapshot file and delta files if needed...Note that this is normal for the first batch of starting query.
26/10/06 18:16:39 WARN HDFSBackedStateStoreProvider StateStoreProviderId[ storeId=StateStoreId[ operatorId=0, partitionId=162, storeName=default ], queryRunId=cbf325e7-2278-43a6-b05a-3992b0d74ba7 ]: The state for version 1 doesn't exist in loadedMaps. Reading snapshot file and delta files if needed...Note that this is normal for the first batch of starting query.
26/10/06 18:16:39 WARN HDFSBackedStateStoreProvider StateStoreProviderId[ storeId=StateStoreId[ operatorId=0, partitionId=165, storeName=default ], queryRunId=cbf325e7-2278-43a6-b05a-3992b0d74ba7 ]: The state for version 1 doesn't exist in loadedMaps. Reading snapshot file and delta files if needed...Note that this is normal for the first batch of starting query.
26/10/06 18:16:39 WARN HDFSBackedStateStoreProvider StateStoreProviderId[ storeId=StateStoreId[ operatorId=0, partitionId=163, storeName=default ], queryRunId=cbf325e7-2278-43a6-b05a-3992b0d74ba7 ]: The state for version 1 doesn't exist in loadedMaps. Reading snapshot file and delta files if needed...Note that this is normal for the first batch of starting query.
26/10/06 18:16:39 WARN HDFSBackedStateStoreProvider StateStoreProviderId[ storeId=StateStoreId[ operatorId=0, partitionId=164, storeName=default ], queryRunId=cbf325e7-2278-43a6-b05a-3992b0d74ba7 ]: The state for version 1 doesn't exist in loadedMaps. Reading snapshot file and delta files if needed...Note that this is normal for the first batch of starting query.
26/10/06 18:16:39 WARN HDFSBackedStateStoreProvider StateStoreProviderId[ storeId=StateStoreId[ operatorId=0, partitionId=168, storeName=default ], queryRunId=cbf325e7-2278-43a6-b05a-3992b0d74ba7 ]: The state for version 1 doesn't exist in loadedMaps. Reading snapshot file and delta files if needed...Note that this is normal for the first batch of starting query.
26/10/06 18:16:39 WARN HDFSBackedStateStoreProvider StateStoreProviderId[ storeId=StateStoreId[ operatorId=0, partitionId=167, storeName=default ], queryRunId=cbf325e7-2278-43a6-b05a-3992b0d74ba7 ]: The state for version 1 doesn't exist in loadedMaps. Reading snapshot file and delta files if needed...Note that this is normal for the first batch of starting query.
26/10/06 18:16:39 WARN HDFSBackedStateStoreProvider StateStoreProviderId[ storeId=StateStoreId[ operatorId=0, partitionId=166, storeName=default ], queryRunId=cbf325e7-2278-43a6-b05a-3992b0d74ba7 ]: The state for version 1 doesn't exist in loadedMaps. Reading snapshot file and delta files if needed...Note that this is normal for the first batch of starting query.
26/10/06 18:16:39 WARN HDFSBackedStateStoreProvider StateStoreProviderId[ storeId=StateStoreId[ operatorId=0, partitionId=169, storeName=default ], queryRunId=cbf325e7-2278-43a6-b05a-3992b0d74ba7 ]: The state for version 1 doesn't exist in loadedMaps. Reading snapshot file and delta files if needed...Note that this is normal for the first batch of starting query.
26/10/06 18:16:39 WARN HDFSBackedStateStoreProvider StateStoreProviderId[ storeId=StateStoreId[ operatorId=0, partitionId=170, storeName=default ], queryRunId=cbf325e7-2278-43a6-b05a-3992b0d74ba7 ]: The state for version 1 doesn't exist in loadedMaps. Reading snapshot file and delta files if needed...Note that this is normal for the first batch of starting query.
26/10/06 18:16:39 WARN HDFSBackedStateStoreProvider StateStoreProviderId[ storeId=StateStoreId[ operatorId=0, partitionId=173, storeName=default ], queryRunId=cbf325e7-2278-43a6-b05a-3992b0d74ba7 ]: The state for version 1 doesn't exist in loadedMaps. Reading snapshot file and delta files if needed...Note that this is normal for the first batch of starting query.
26/10/06 18:16:39 WARN HDFSBackedStateStoreProvider StateStoreProviderId[ storeId=StateStoreId[ operatorId=0, partitionId=171, storeName=default ], queryRunId=cbf325e7-2278-43a6-b05a-3992b0d74ba7 ]: The state for version 1 doesn't exist in loadedMaps. Reading snapshot file and delta files if needed...Note that this is normal for the first batch of starting query.
26/10/06 18:16:39 WARN HDFSBackedStateStoreProvider StateStoreProviderId[ storeId=StateStoreId[ operatorId=0, partitionId=172, storeName=default ], queryRunId=cbf325e7-2278-43a6-b05a-3992b0d74ba7 ]: The state for version 1 doesn't exist in loadedMaps. Reading snapshot file and delta files if needed...Note that this is normal for the first batch of starting query.
26/10/06 18:16:39 WARN HDFSBackedStateStoreProvider StateStoreProviderId[ storeId=StateStoreId[ operatorId=0, partitionId=174, storeName=default ], queryRunId=cbf325e7-2278-43a6-b05a-3992b0d74ba7 ]: The state for version 1 doesn't exist in loadedMaps. Reading snapshot file and delta files if needed...Note that this is normal for the first batch of starting query.
26/10/06 18:16:39 WARN HDFSBackedStateStoreProvider StateStoreProviderId[ storeId=StateStoreId[ operatorId=0, partitionId=176, storeName=default ], queryRunId=cbf325e7-2278-43a6-b05a-3992b0d74ba7 ]: The state for version 1 doesn't exist in loadedMaps. Reading snapshot file and delta files if needed...Note that this is normal for the first batch of starting query.
26/10/06 18:16:39 WARN HDFSBackedStateStoreProvider StateStoreProviderId[ storeId=StateStoreId[ operatorId=0, partitionId=175, storeName=default ], queryRunId=cbf325e7-2278-43a6-b05a-3992b0d74ba7 ]: The state for version 1 doesn't exist in loadedMaps. Reading snapshot file and delta files if needed...Note that this is normal for the first batch of starting query.
26/10/06 18:16:39 WARN HDFSBackedStateStoreProvider StateStoreProviderId[ storeId=StateStoreId[ operatorId=0, partitionId=177, storeName=default ], queryRunId=cbf325e7-2278-43a6-b05a-3992b0d74ba7 ]: The state for version 1 doesn't exist in loadedMaps. Reading snapshot file and delta files if needed...Note that this is normal for the first batch of starting query.
26/10/06 18:16:39 WARN HDFSBackedStateStoreProvider StateStoreProviderId[ storeId=StateStoreId[ operatorId=0, partitionId=179, storeName=default ], queryRunId=cbf325e7-2278-43a6-b05a-3992b0d74ba7 ]: The state for version 1 doesn't exist in loadedMaps. Reading snapshot file and delta files if needed...Note that this is normal for the first batch of starting query.
26/10/06 18:16:39 WARN HDFSBackedStateStoreProvider StateStoreProviderId[ storeId=StateStoreId[ operatorId=0, partitionId=178, storeName=default ], queryRunId=cbf325e7-2278-43a6-b05a-3992b0d74ba7 ]: The state for version 1 doesn't exist in loadedMaps. Reading snapshot file and delta files if needed...Note that this is normal for the first batch of starting query.
26/10/06 18:16:39 WARN HDFSBackedStateStoreProvider StateStoreProviderId[ storeId=StateStoreId[ operatorId=0, partitionId=181, storeName=default ], queryRunId=cbf325e7-2278-43a6-b05a-3992b0d74ba7 ]: The state for version 1 doesn't exist in loadedMaps. Reading snapshot file and delta files if needed...Note that this is normal for the first batch of starting query.
26/10/06 18:16:39 WARN HDFSBackedStateStoreProvider StateStoreProviderId[ storeId=StateStoreId[ operatorId=0, partitionId=182, storeName=default ], queryRunId=cbf325e7-2278-43a6-b05a-3992b0d74ba7 ]: The state for version 1 doesn't exist in loadedMaps. Reading snapshot file and delta files if needed...Note that this is normal for the first batch of starting query.
26/10/06 18:16:39 WARN HDFSBackedStateStoreProvider StateStoreProviderId[ storeId=StateStoreId[ operatorId=0, partitionId=180, storeName=default ], queryRunId=cbf325e7-2278-43a6-b05a-3992b0d74ba7 ]: The state for version 1 doesn't exist in loadedMaps. Reading snapshot file and delta files if needed...Note that this is normal for the first batch of starting query.
26/10/06 18:16:39 WARN HDFSBackedStateStoreProvider StateStoreProviderId[ storeId=StateStoreId[ operatorId=0, partitionId=183, storeName=default ], queryRunId=cbf325e7-2278-43a6-b05a-3992b0d74ba7 ]: The state for version 1 doesn't exist in loadedMaps. Reading snapshot file and delta files if needed...Note that this is normal for the first batch of starting query.
26/10/06 18:16:39 WARN HDFSBackedStateStoreProvider StateStoreProviderId[ storeId=StateStoreId[ operatorId=0, partitionId=184, storeName=default ], queryRunId=cbf325e7-2278-43a6-b05a-3992b0d74ba7 ]: The state for version 1 doesn't exist in loadedMaps. Reading snapshot file and delta files if needed...Note that this is normal for the first batch of starting query.
26/10/06 18:16:39 WARN HDFSBackedStateStoreProvider StateStoreProviderId[ storeId=StateStoreId[ operatorId=0, partitionId=186, storeName=default ], queryRunId=cbf325e7-2278-43a6-b05a-3992b0d74ba7 ]: The state for version 1 doesn't exist in loadedMaps. Reading snapshot file and delta files if needed...Note that this is normal for the first batch of starting query.
26/10/06 18:16:39 WARN HDFSBackedStateStoreProvider StateStoreProviderId[ storeId=StateStoreId[ operatorId=0, partitionId=185, storeName=default ], queryRunId=cbf325e7-2278-43a6-b05a-3992b0d74ba7 ]: The state for version 1 doesn't exist in loadedMaps. Reading snapshot file and delta files if needed...Note that this is normal for the first batch of starting query.
26/10/06 18:16:40 WARN HDFSBackedStateStoreProvider StateStoreProviderId[ storeId=StateStoreId[ operatorId=0, partitionId=187, storeName=default ], queryRunId=cbf325e7-2278-43a6-b05a-3992b0d74ba7 ]: The state for version 1 doesn't exist in loadedMaps. Reading snapshot file and delta files if needed...Note that this is normal for the first batch of starting query.
26/10/06 18:16:40 WARN HDFSBackedStateStoreProvider StateStoreProviderId[ storeId=StateStoreId[ operatorId=0, partitionId=190, storeName=default ], queryRunId=cbf325e7-2278-43a6-b05a-3992b0d74ba7 ]: The state for version 1 doesn't exist in loadedMaps. Reading snapshot file and delta files if needed...Note that this is normal for the first batch of starting query.
26/10/06 18:16:40 WARN HDFSBackedStateStoreProvider StateStoreProviderId[ storeId=StateStoreId[ operatorId=0, partitionId=189, storeName=default ], queryRunId=cbf325e7-2278-43a6-b05a-3992b0d74ba7 ]: The state for version 1 doesn't exist in loadedMaps. Reading snapshot file and delta files if needed...Note that this is normal for the first batch of starting query.
26/10/06 18:16:40 WARN HDFSBackedStateStoreProvider StateStoreProviderId[ storeId=StateStoreId[ operatorId=0, partitionId=188, storeName=default ], queryRunId=cbf325e7-2278-43a6-b05a-3992b0d74ba7 ]: The state for version 1 doesn't exist in loadedMaps. Reading snapshot file and delta files if needed...Note that this is normal for the first batch of starting query.
26/10/06 18:16:40 WARN HDFSBackedStateStoreProvider StateStoreProviderId[ storeId=StateStoreId[ operatorId=0, partitionId=193, storeName=default ], queryRunId=cbf325e7-2278-43a6-b05a-3992b0d74ba7 ]: The state for version 1 doesn't exist in loadedMaps. Reading snapshot file and delta files if needed...Note that this is normal for the first batch of starting query.
26/10/06 18:16:40 WARN HDFSBackedStateStoreProvider StateStoreProviderId[ storeId=StateStoreId[ operatorId=0, partitionId=192, storeName=default ], queryRunId=cbf325e7-2278-43a6-b05a-3992b0d74ba7 ]: The state for version 1 doesn't exist in loadedMaps. Reading snapshot file and delta files if needed...Note that this is normal for the first batch of starting query.
26/10/06 18:16:40 WARN HDFSBackedStateStoreProvider StateStoreProviderId[ storeId=StateStoreId[ operatorId=0, partitionId=191, storeName=default ], queryRunId=cbf325e7-2278-43a6-b05a-3992b0d74ba7 ]: The state for version 1 doesn't exist in loadedMaps. Reading snapshot file and delta files if needed...Note that this is normal for the first batch of starting query.
26/10/06 18:16:40 WARN HDFSBackedStateStoreProvider StateStoreProviderId[ storeId=StateStoreId[ operatorId=0, partitionId=194, storeName=default ], queryRunId=cbf325e7-2278-43a6-b05a-3992b0d74ba7 ]: The state for version 1 doesn't exist in loadedMaps. Reading snapshot file and delta files if needed...Note that this is normal for the first batch of starting query.
26/10/06 18:16:40 WARN HDFSBackedStateStoreProvider StateStoreProviderId[ storeId=StateStoreId[ operatorId=0, partitionId=196, storeName=default ], queryRunId=cbf325e7-2278-43a6-b05a-3992b0d74ba7 ]: The state for version 1 doesn't exist in loadedMaps. Reading snapshot file and delta files if needed...Note that this is normal for the first batch of starting query.
26/10/06 18:16:40 WARN HDFSBackedStateStoreProvider StateStoreProviderId[ storeId=StateStoreId[ operatorId=0, partitionId=197, storeName=default ], queryRunId=cbf325e7-2278-43a6-b05a-3992b0d74ba7 ]: The state for version 1 doesn't exist in loadedMaps. Reading snapshot file and delta files if needed...Note that this is normal for the first batch of starting query.
26/10/06 18:16:40 WARN HDFSBackedStateStoreProvider StateStoreProviderId[ storeId=StateStoreId[ operatorId=0, partitionId=195, storeName=default ], queryRunId=cbf325e7-2278-43a6-b05a-3992b0d74ba7 ]: The state for version 1 doesn't exist in loadedMaps. Reading snapshot file and delta files if needed...Note that this is normal for the first batch of starting query.
26/10/06 18:16:40 WARN HDFSBackedStateStoreProvider StateStoreProviderId[ storeId=StateStoreId[ operatorId=0, partitionId=198, storeName=default ], queryRunId=cbf325e7-2278-43a6-b05a-3992b0d74ba7 ]: The state for version 1 doesn't exist in loadedMaps. Reading snapshot file and delta files if needed...Note that this is normal for the first batch of starting query.
26/10/06 18:16:40 WARN HDFSBackedStateStoreProvider StateStoreProviderId[ storeId=StateStoreId[ operatorId=0, partitionId=199, storeName=default ], queryRunId=cbf325e7-2278-43a6-b05a-3992b0d74ba7 ]: The state for version 1 doesn't exist in loadedMaps. Reading snapshot file and delta files if needed...Note that this is normal for the first batch of starting query.
26/10/06 18:16:40 WARN ProcessingTimeExecutor: Current batch is falling behind. The trigger interval is 5000 milliseconds, but spent 6009 milliseconds
