WARNING: Using incubator modules: jdk.incubator.vector
Using Spark's default log4j profile: org/apache/spark/log4j2-defaults.properties
26/10/06 18:10:10 INFO SparkContext: Running Spark version 4.2.0
26/10/06 18:10:10 INFO SparkContext: OS info Linux, 6.12.76-linuxkit, aarch64
26/10/06 18:10:10 INFO SparkContext: Java version 21.0.11+10-LTS
26/10/06 18:10:10 WARN NativeCodeLoader: Unable to load native-hadoop library for your platform... using builtin-java classes where applicable
26/10/06 18:10:10 INFO ResourceUtils: ==============================================================
26/10/06 18:10:10 INFO ResourceUtils: No custom resources configured for spark.driver.
26/10/06 18:10:10 INFO ResourceUtils: ==============================================================
26/10/06 18:10:10 INFO SparkContext: Submitted application: Phase10StructuredStreaming
26/10/06 18:10:10 INFO SecurityManager: Changing view acls to: spark
26/10/06 18:10:10 INFO SecurityManager: Changing modify acls to: spark
26/10/06 18:10:10 INFO SecurityManager: Changing view acls groups to: spark
26/10/06 18:10:10 INFO SecurityManager: Changing modify acls groups to: spark
26/10/06 18:10:10 INFO SecurityManager: SecurityManager: authentication disabled; ui acls disabled; users with view permissions: spark groups with view permissions: EMPTY; users with modify permissions: spark; groups with modify permissions: EMPTY; RPC SSL disabled
26/10/06 18:10:10 INFO Utils: Successfully started service 'sparkDriver' on port 35265.
26/10/06 18:10:10 INFO SparkEnv: Registering MapOutputTracker
26/10/06 18:10:10 INFO SparkEnv: Registering BlockManagerMaster
26/10/06 18:10:10 INFO BlockManagerMasterEndpoint: Using org.apache.spark.storage.DefaultTopologyMapper for getting topology information
26/10/06 18:10:10 INFO BlockManagerMasterEndpoint: BlockManagerMasterEndpoint up
26/10/06 18:10:10 INFO SparkEnv: Registering BlockManagerMasterHeartbeat
26/10/06 18:10:10 INFO DiskBlockManager: Created local directory at /tmp/blockmgr-0589618a-9953-4ea7-b2d5-0dbe9be11571
26/10/06 18:10:10 INFO SparkEnv: Registering OutputCommitCoordinator
26/10/06 18:10:10 INFO JettyUtils: Start Jetty 0.0.0.0:4040 for SparkUI
26/10/06 18:10:10 INFO Utils: Successfully started service 'SparkUI' on port 4040.
26/10/06 18:10:10 INFO SparkContext: Added JAR file:/workspace/target/scala-2.13/agri-bigdata-assembly.jar at spark://2f7faeecd7ce:35265/jars/agri-bigdata-assembly.jar with timestamp 1791310210524
26/10/06 18:10:10 INFO ResourceProfile: Default ResourceProfile created, executor resources: Map(cores -> name: cores, amount: 1, script: , vendor: , memory -> name: memory, amount: 1024, script: , vendor: , offHeap -> name: offHeap, amount: 0, script: , vendor: ), task resources: Map(cpus -> name: cpus, amount: 1.0)
26/10/06 18:10:10 INFO ResourceProfile: Limiting resource is cpu
26/10/06 18:10:10 INFO ResourceProfileManager: Added ResourceProfile id: 0
26/10/06 18:10:10 INFO SecurityManager: Changing view acls to: spark
26/10/06 18:10:10 INFO SecurityManager: Changing modify acls to: spark
26/10/06 18:10:10 INFO SecurityManager: Changing view acls groups to: spark
26/10/06 18:10:10 INFO SecurityManager: Changing modify acls groups to: spark
26/10/06 18:10:10 INFO SecurityManager: SecurityManager: authentication disabled; ui acls disabled; users with view permissions: spark groups with view permissions: EMPTY; users with modify permissions: spark; groups with modify permissions: EMPTY; RPC SSL disabled
26/10/06 18:10:10 INFO Executor: Starting executor ID driver on host 2f7faeecd7ce
26/10/06 18:10:10 INFO Executor: Running Spark version 4.2.0
26/10/06 18:10:10 INFO Executor: OS info Linux, 6.12.76-linuxkit, aarch64
26/10/06 18:10:10 INFO Executor: Java version 21.0.11+10-LTS
26/10/06 18:10:10 INFO Executor: Starting executor with user classpath (userClassPathFirst = false): ''
26/10/06 18:10:10 INFO Executor: Created or updated repl class loader org.apache.spark.util.MutableURLClassLoader@3739f3c9 for default.
26/10/06 18:10:10 INFO Executor: Fetching spark://2f7faeecd7ce:35265/jars/agri-bigdata-assembly.jar with timestamp 1791310210524
26/10/06 18:10:10 INFO TransportClientFactory: Successfully created connection to 2f7faeecd7ce/172.19.0.6:35265 after 8 ms (0 ms spent in bootstraps)
26/10/06 18:10:10 INFO Utils: Fetching spark://2f7faeecd7ce:35265/jars/agri-bigdata-assembly.jar to /tmp/spark-dc5af5b8-b031-40a9-b0fe-fc9987a0be7c/userFiles-050f8302-bf23-40d5-b18b-28cb880c3c04/fetchFileTemp1043285887983469318.tmp
26/10/06 18:10:11 INFO Executor: Adding file:/tmp/spark-dc5af5b8-b031-40a9-b0fe-fc9987a0be7c/userFiles-050f8302-bf23-40d5-b18b-28cb880c3c04/agri-bigdata-assembly.jar to class loader default
26/10/06 18:10:11 INFO Utils: Successfully started service 'org.apache.spark.network.netty.NettyBlockTransferService' on port 40079.
26/10/06 18:10:11 INFO NettyBlockTransferService: Server created on 2f7faeecd7ce:40079
26/10/06 18:10:11 INFO BlockManager: Using org.apache.spark.storage.RandomBlockReplicationPolicy for block replication policy
26/10/06 18:10:11 INFO BlockManagerMaster: Registering BlockManager BlockManagerId(driver, 2f7faeecd7ce, 40079, None)
26/10/06 18:10:11 INFO BlockManagerMasterEndpoint: Registering block manager 2f7faeecd7ce:40079 with 434.4 MiB RAM, BlockManagerId(driver, 2f7faeecd7ce, 40079, None)
26/10/06 18:10:11 INFO BlockManagerMaster: Registered BlockManager BlockManagerId(driver, 2f7faeecd7ce, 40079, None)
26/10/06 18:10:11 INFO BlockManager: Initialized BlockManager: BlockManagerId(driver, 2f7faeecd7ce, 40079, None)
Loading frozen ML model from hdfs://namenode:9000/agri/models/anomaly_prediction_rf ...
Subscribing to Kafka topic: agri-market-transactions
26/10/06 18:10:13 WARN ResolveWriteToStream: spark.sql.adaptive.enabled is not supported in streaming DataFrames/Datasets and will be disabled.
26/10/06 18:10:14 WARN MicroBatchExecution: Disabling AQE since AQE is not supported in stateful workloads.
26/10/06 18:10:20 WARN ProcessingTimeExecutor: Current batch is falling behind. The trigger interval is 5000 milliseconds, but spent 6116 milliseconds
